SQL> SELECT *
  2  FROM EMP
  3  WHERE ENAME LIKE '%I%';

     EMPNO ENAME      JOB              MGR HIREDATE         SAL       COMM     DEPTNO                                                                                                                   
---------- ---------- --------- ---------- --------- ---------- ---------- ----------                                                                                                                   
      7369 SMITH      CLERK           7902 17-DEC-80        800                    20                                                                                                                   
      7654 MARTIN     SALESMAN        7698 28-SEP-81       1250       1400         30                                                                                                                   
      7839 KING       PRESIDENT            17-NOV-81       5000                    10                                                                                                                   
      7934 MILLER     CLERK           7782 23-JAN-82       1300                    10                                                                                                                   

SQL> SELECT ENAME
  2  FROM EMP
  3  WHERE ENAME LIKE '%I';

no rows selected

SQL> SELECT ENAME
  2  FROM EMP
  3  WHERE ENAME LIKE '%LL%';

ENAME                                                                                                                                                                                                   
----------                                                                                                                                                                                              
ALLEN                                                                                                                                                                                                   
MILLER                                                                                                                                                                                                  

SQL> SELECT ENAME
  2  FROM EMP
  3  WHERE ENAME LIKE '%A%A%';

ENAME                                                                                                                                                                                                   
----------                                                                                                                                                                                              
ADAMS                                                                                                                                                                                                   

SQL> SELECT JOB
  2  FROM EMP
  3  WHERE JOB LIKE '%"MAN"';

no rows selected

SQL> SELECT JOB
  2  FROM EMP
  3  WHERE JOB LIKE '%MAN';

JOB                                                                                                                                                                                                     
---------                                                                                                                                                                                               
SALESMAN                                                                                                                                                                                                
SALESMAN                                                                                                                                                                                                
SALESMAN                                                                                                                                                                                                
SALESMAN                                                                                                                                                                                                

SQL> SELECT JOB
  2  FROM EMP
  3  WHERE JOB LIKE 'MAN%';

JOB                                                                                                                                                                                                     
---------                                                                                                                                                                                               
MANAGER                                                                                                                                                                                                 
MANAGER                                                                                                                                                                                                 
MANAGER                                                                                                                                                                                                 

SQL> SELECT JOB
  2  FROM EMP
  3  WHERE JOB LIKE '%MAN%';

JOB                                                                                                                                                                                                     
---------                                                                                                                                                                                               
SALESMAN                                                                                                                                                                                                
SALESMAN                                                                                                                                                                                                
MANAGER                                                                                                                                                                                                 
SALESMAN                                                                                                                                                                                                
MANAGER                                                                                                                                                                                                 
MANAGER                                                                                                                                                                                                 
SALESMAN                                                                                                                                                                                                

7 rows selected.

SQL> SELECT ENAME
  2  FROM EMP
  3  WHERE ENAME LIKE '_A%';

ENAME                                                                                                                                                                                                   
----------                                                                                                                                                                                              
WARD                                                                                                                                                                                                    
MARTIN                                                                                                                                                                                                  
JAMES                                                                                                                                                                                                   

SQL> SELECT *
  2  FROM EMP
  3  WHERE SAL LIKE '____';

     EMPNO ENAME      JOB              MGR HIREDATE         SAL       COMM     DEPTNO                                                                                                                   
---------- ---------- --------- ---------- --------- ---------- ---------- ----------                                                                                                                   
      7499 ALLEN      SALESMAN        7698 20-FEB-81       1600        300         30                                                                                                                   
      7521 WARD       SALESMAN        7698 22-FEB-81       1250        500         30                                                                                                                   
      7566 JONES      MANAGER         7839 02-APR-81       2975                    20                                                                                                                   
      7654 MARTIN     SALESMAN        7698 28-SEP-81       1250       1400         30                                                                                                                   
      7698 BLAKE      MANAGER         7839 01-MAY-81       2850                    30                                                                                                                   
      7782 CLARK      MANAGER         7839 09-JUN-81       2450                    10                                                                                                                   
      7788 SCOTT      ANALYST         7566 19-APR-87       3000                    20                                                                                                                   
      7839 KING       PRESIDENT            17-NOV-81       5000                    10                                                                                                                   
      7844 TURNER     SALESMAN        7698 08-SEP-81       1500          0         30                                                                                                                   
      7876 ADAMS      CLERK           7788 23-MAY-87       1100                    20                                                                                                                   
      7902 FORD       ANALYST         7566 03-DEC-81       3000                    20                                                                                                                   
      7934 MILLER     CLERK           7782 23-JAN-82       1300                    10                                                                                                                   

12 rows selected.

SQL> SELECT *
  2  FROM EMP
  3  WHERE ENAME LIKE '% %';

no rows selected

SQL> SELECT HIREDATE
  2  FROM EMP
  3  WHERE HIREDATE NOT LIKE '%81';

HIREDATE                                                                                                                                                                                                
---------                                                                                                                                                                                               
17-DEC-80                                                                                                                                                                                               
19-APR-87                                                                                                                                                                                               
23-MAY-87                                                                                                                                                                                               
23-JAN-82                                                                                                                                                                                               

SQL> SELECT MAX(SAL)
  2  FROM EMP;

  MAX(SAL)                                                                                                                                                                                              
----------                                                                                                                                                                                              
      5000                                                                                                                                                                                              

SQL> SELECT *
  2  FROM EMP;

     EMPNO ENAME      JOB              MGR HIREDATE         SAL       COMM     DEPTNO                                                                                                                   
---------- ---------- --------- ---------- --------- ---------- ---------- ----------                                                                                                                   
      7369 SMITH      CLERK           7902 17-DEC-80        800                    20                                                                                                                   
      7499 ALLEN      SALESMAN        7698 20-FEB-81       1600        300         30                                                                                                                   
      7521 WARD       SALESMAN        7698 22-FEB-81       1250        500         30                                                                                                                   
      7566 JONES      MANAGER         7839 02-APR-81       2975                    20                                                                                                                   
      7654 MARTIN     SALESMAN        7698 28-SEP-81       1250       1400         30                                                                                                                   
      7698 BLAKE      MANAGER         7839 01-MAY-81       2850                    30                                                                                                                   
      7782 CLARK      MANAGER         7839 09-JUN-81       2450                    10                                                                                                                   
      7788 SCOTT      ANALYST         7566 19-APR-87       3000                    20                                                                                                                   
      7839 KING       PRESIDENT            17-NOV-81       5000                    10                                                                                                                   
      7844 TURNER     SALESMAN        7698 08-SEP-81       1500          0         30                                                                                                                   
      7876 ADAMS      CLERK           7788 23-MAY-87       1100                    20                                                                                                                   
      7900 JAMES      CLERK           7698 03-DEC-81        950                    30                                                                                                                   
      7902 FORD       ANALYST         7566 03-DEC-81       3000                    20                                                                                                                   
      7934 MILLER     CLERK           7782 23-JAN-82       1300                    10                                                                                                                   

14 rows selected.

SQL> SELECT MIN(SAL)
  2  FROM EMP;

  MIN(SAL)                                                                                                                                                                                              
----------                                                                                                                                                                                              
       800                                                                                                                                                                                              

SQL> SELECT AVG(SAL)
  2  FROM EMP;

  AVG(SAL)                                                                                                                                                                                              
----------                                                                                                                                                                                              
2073.21429                                                                                                                                                                                              

SQL> SELECT SUM(SAL)
  2  FROM EMP;

  SUM(SAL)                                                                                                                                                                                              
----------                                                                                                                                                                                              
     29025                                                                                                                                                                                              

SQL> SELECT COUNT(SAL)
  2  FROM EMP;

COUNT(SAL)                                                                                                                                                                                              
----------                                                                                                                                                                                              
        14                                                                                                                                                                                              

SQL> SELECT COUNT(COMM)
  2  FROM EMP;

COUNT(COMM)                                                                                                                                                                                             
-----------                                                                                                                                                                                             
          4                                                                                                                                                                                             

SQL> SELECT MAX(SAL,JOB)
  2  FROM EMP;
SELECT MAX(SAL,JOB)
       *
ERROR at line 1:
ORA-00909: invalid number of arguments 


SQL> SELECT MAX(SAL),JOB
  2  FROM EMP;
SELECT MAX(SAL),JOB
                *
ERROR at line 1:
ORA-00937: not a single-group group function 


SQL> SELECT SAL
  2  FROM EMP
  3  WHERE MAX(SAL) IS 3000;
WHERE MAX(SAL) IS 3000
      *
ERROR at line 3:
ORA-00934: group function is not allowed here 


SQL>  select max(sal) MGR
  2  FROM EMP;

       MGR                                                                                                                                                                                              
----------                                                                                                                                                                                              
      5000                                                                                                                                                                                              

SQL> ED
Wrote file afiedt.buf

  1   select max(sal)
  2  FROM EMP
  3* WHERE JOB='MANAGER'
SQL> /

  MAX(SAL)                                                                                                                                                                                              
----------                                                                                                                                                                                              
      2975                                                                                                                                                                                              

SQL> SELECT COUNT *
  2  FROM EMP
  3  ;
FROM EMP
*
ERROR at line 2:
ORA-00936: missing expression 


SQL> SELECT COUNT(*)
  2  FROM EMP;

  COUNT(*)                                                                                                                                                                                              
----------                                                                                                                                                                                              
        14                                                                                                                                                                                              

SQL> SELECT COUNT(*)
  2  FROM EMP
  3  WHERE JOB='MANAGER' AND SAL = 3000 ;

  COUNT(*)                                                                                                                                                                                              
----------                                                                                                                                                                                              
         0                                                                                                                                                                                              

SQL> SELECT AVG(SAL)
  2  FROM EMP
  3  WHERE DEPTNO = 20;

  AVG(SAL)                                                                                                                                                                                              
----------                                                                                                                                                                                              
      2175                                                                                                                                                                                              

SQL> SELECT SUM(SAL)
  2  FROM EMP
  3  WHERE HIREDATE>86;
WHERE HIREDATE>86
              *
ERROR at line 3:
ORA-00932: inconsistent datatypes: expected DATE got NUMBER 


SQL> ED
Wrote file afiedt.buf

  1  SELECT SUM(SAL)
  2  FROM EMP
  3* WHERE HIREDATE NOT LIKE '%86'
SQL> /

  SUM(SAL)                                                                                                                                                                                              
----------                                                                                                                                                                                              
     29025                                                                                                                                                                                              

SQL> SELECT COUNT(*)
  2  FROM EMP
  3  WHERE JOB='MANAGER';

  COUNT(*)                                                                                                                                                                                              
----------                                                                                                                                                                                              
         3                                                                                                                                                                                              

SQL> SELECT MAX(SAL),MIN(SAL),AVG(SAL)
  2  FROM EMP
  3  WHERE JOB='MANAGER' OR JOB='ANALYST' AND DEPTNO IN (20,30);

  MAX(SAL)   MIN(SAL)   AVG(SAL)                                                                                                                                                                        
---------- ---------- ----------                                                                                                                                                                        
      3000       2450       2855                                                                                                                                                                        

SQL> SELECT COUNT(MGR)
  2  FROM EMP;

COUNT(MGR)                                                                                                                                                                                              
----------                                                                                                                                                                                              
        13                                                                                                                                                                                              

SQL> SELECT MGR
  2  FROM EMP
  3  WHERE MGR IS NOT NULL;

       MGR                                                                                                                                                                                              
----------                                                                                                                                                                                              
      7902                                                                                                                                                                                              
      7698                                                                                                                                                                                              
      7698                                                                                                                                                                                              
      7839                                                                                                                                                                                              
      7698                                                                                                                                                                                              
      7839                                                                                                                                                                                              
      7839                                                                                                                                                                                              
      7566                                                                                                                                                                                              
      7698                                                                                                                                                                                              
      7788                                                                                                                                                                                              
      7698                                                                                                                                                                                              
      7566                                                                                                                                                                                              
      7782                                                                                                                                                                                              

13 rows selected.

SQL> ED
Wrote file afiedt.buf

  1  SELECT COUNT(*)
  2  FROM EMP
  3* WHERE MGR IS NOT NULL
SQL> /

  COUNT(*)                                                                                                                                                                                              
----------                                                                                                                                                                                              
        13                                                                                                                                                                                              

SQL> SELECT SUM(SAL)
  2  FROM EMP
  3  WHERE HIREDATE <'01-JAN-86';

  SUM(SAL)                                                                                                                                                                                              
----------                                                                                                                                                                                              
     24925                                                                                                                                                                                              

SQL> SELECT COUNT(*)
  2  FROM EMP
  3  WHERER JOB='MANAGER' AND SAL>3000;
WHERER JOB='MANAGER' AND SAL>3000
       *
ERROR at line 3:
ORA-00933: SQL command not properly ended 


SQL> ED
Wrote file afiedt.buf

  1  SELECT COUNT(*)
  2  FROM EMP
  3* WHERE JOB='MANAGER' AND SAL>3000
SQL> /

  COUNT(*)                                                                                                                                                                                              
----------                                                                                                                                                                                              
         0                                                                                                                                                                                              

SQL>   select COUNT(*)
  2  FROM EMP
  3  GROUP BY DEPTNO;

  COUNT(*)                                                                                                                                                                                              
----------                                                                                                                                                                                              
         6                                                                                                                                                                                              
         5                                                                                                                                                                                              
         3                                                                                                                                                                                              

SQL> SPOOL OFF
