SQL> SELECT ENAME,SAL
  2  FROM EMP
  3  WHERE JOB='ANALYST' AND SAL>2000;

ENAME             SAL                                                                                                                                                                                   
---------- ----------                                                                                                                                                                                   
SCOTT            3000                                                                                                                                                                                   
FORD             3000                                                                                                                                                                                   

SQL> ED
Wrote file afiedt.buf

  1  SELECT ENAME,SAL,JOB
  2  FROM EMP
  3* WHERE JOB='ANALYST' AND SAL>2000
SQL> /

ENAME             SAL JOB                                                                                                                                                                               
---------- ---------- ---------                                                                                                                                                                         
SCOTT            3000 ANALYST                                                                                                                                                                           
FORD             3000 ANALYST                                                                                                                                                                           

SQL> SELECT SAL
  2  FROM EMP
  3  WHERE SAL>3000 AND DEPTNO=20;

no rows selected

SQL> SELECT *
  2  FROM EMP
  3  ;

     EMPNO ENAME      JOB              MGR HIREDATE         SAL       COMM     DEPTNO                                                                                                                   
---------- ---------- --------- ---------- --------- ---------- ---------- ----------                                                                                                                   
      7369 SMITH      CLERK           7902 17-DEC-80        800                    20                                                                                                                   
      7499 ALLEN      SALESMAN        7698 20-FEB-81       1600        300         30                                                                                                                   
      7521 WARD       SALESMAN        7698 22-FEB-81       1250        500         30                                                                                                                   
      7566 JONES      MANAGER         7839 02-APR-81       2975                    20                                                                                                                   
      7654 MARTIN     SALESMAN        7698 28-SEP-81       1250       1400         30                                                                                                                   
      7698 BLAKE      MANAGER         7839 01-MAY-81       2850                    30                                                                                                                   
      7782 CLARK      MANAGER         7839 09-JUN-81       2450                    10                                                                                                                   
      7788 SCOTT      ANALYST         7566 19-APR-87       3000                    20                                                                                                                   
      7839 KING       PRESIDENT            17-NOV-81       5000                    10                                                                                                                   
      7844 TURNER     SALESMAN        7698 08-SEP-81       1500          0         30                                                                                                                   
      7876 ADAMS      CLERK           7788 23-MAY-87       1100                    20                                                                                                                   
      7900 JAMES      CLERK           7698 03-DEC-81        950                    30                                                                                                                   
      7902 FORD       ANALYST         7566 03-DEC-81       3000                    20                                                                                                                   
      7934 MILLER     CLERK           7782 23-JAN-82       1300                    10                                                                                                                   

14 rows selected.

SQL> SELECT *
  2  FROM EMP
  3  WHERE JOB='MANAGER' OR JOB='ANALYST';

     EMPNO ENAME      JOB              MGR HIREDATE         SAL       COMM     DEPTNO                                                                                                                   
---------- ---------- --------- ---------- --------- ---------- ---------- ----------                                                                                                                   
      7566 JONES      MANAGER         7839 02-APR-81       2975                    20                                                                                                                   
      7698 BLAKE      MANAGER         7839 01-MAY-81       2850                    30                                                                                                                   
      7782 CLARK      MANAGER         7839 09-JUN-81       2450                    10                                                                                                                   
      7788 SCOTT      ANALYST         7566 19-APR-87       3000                    20                                                                                                                   
      7902 FORD       ANALYST         7566 03-DEC-81       3000                    20                                                                                                                   

SQL> SELECT SAL
  2  FROM EMP
  3  WHERE SAL>2000 AND SAL<3000;

       SAL                                                                                                                                                                                              
----------                                                                                                                                                                                              
      2975                                                                                                                                                                                              
      2850                                                                                                                                                                                              
      2450                                                                                                                                                                                              

SQL> SELECT *
  2  FROM EMP
  3  WHERE DEPTNO=10 OR DEPTNO=20 OR DEPTNO=30;

     EMPNO ENAME      JOB              MGR HIREDATE         SAL       COMM     DEPTNO                                                                                                                   
---------- ---------- --------- ---------- --------- ---------- ---------- ----------                                                                                                                   
      7369 SMITH      CLERK           7902 17-DEC-80        800                    20                                                                                                                   
      7499 ALLEN      SALESMAN        7698 20-FEB-81       1600        300         30                                                                                                                   
      7521 WARD       SALESMAN        7698 22-FEB-81       1250        500         30                                                                                                                   
      7566 JONES      MANAGER         7839 02-APR-81       2975                    20                                                                                                                   
      7654 MARTIN     SALESMAN        7698 28-SEP-81       1250       1400         30                                                                                                                   
      7698 BLAKE      MANAGER         7839 01-MAY-81       2850                    30                                                                                                                   
      7782 CLARK      MANAGER         7839 09-JUN-81       2450                    10                                                                                                                   
      7788 SCOTT      ANALYST         7566 19-APR-87       3000                    20                                                                                                                   
      7839 KING       PRESIDENT            17-NOV-81       5000                    10                                                                                                                   
      7844 TURNER     SALESMAN        7698 08-SEP-81       1500          0         30                                                                                                                   
      7876 ADAMS      CLERK           7788 23-MAY-87       1100                    20                                                                                                                   
      7900 JAMES      CLERK           7698 03-DEC-81        950                    30                                                                                                                   
      7902 FORD       ANALYST         7566 03-DEC-81       3000                    20                                                                                                                   
      7934 MILLER     CLERK           7782 23-JAN-82       1300                    10                                                                                                                   

14 rows selected.

SQL> SELECT *
  2  FROM EMP
  3  WHERE DEPTNO IN (10,20,30);

     EMPNO ENAME      JOB              MGR HIREDATE         SAL       COMM     DEPTNO                                                                                                                   
---------- ---------- --------- ---------- --------- ---------- ---------- ----------                                                                                                                   
      7369 SMITH      CLERK           7902 17-DEC-80        800                    20                                                                                                                   
      7499 ALLEN      SALESMAN        7698 20-FEB-81       1600        300         30                                                                                                                   
      7521 WARD       SALESMAN        7698 22-FEB-81       1250        500         30                                                                                                                   
      7566 JONES      MANAGER         7839 02-APR-81       2975                    20                                                                                                                   
      7654 MARTIN     SALESMAN        7698 28-SEP-81       1250       1400         30                                                                                                                   
      7698 BLAKE      MANAGER         7839 01-MAY-81       2850                    30                                                                                                                   
      7782 CLARK      MANAGER         7839 09-JUN-81       2450                    10                                                                                                                   
      7788 SCOTT      ANALYST         7566 19-APR-87       3000                    20                                                                                                                   
      7839 KING       PRESIDENT            17-NOV-81       5000                    10                                                                                                                   
      7844 TURNER     SALESMAN        7698 08-SEP-81       1500          0         30                                                                                                                   
      7876 ADAMS      CLERK           7788 23-MAY-87       1100                    20                                                                                                                   
      7900 JAMES      CLERK           7698 03-DEC-81        950                    30                                                                                                                   
      7902 FORD       ANALYST         7566 03-DEC-81       3000                    20                                                                                                                   
      7934 MILLER     CLERK           7782 23-JAN-82       1300                    10                                                                                                                   

14 rows selected.

SQL>  SELECT ENAME,JOB
  2  FROM EMP
  3  WHERE JOB IN ('MANAGER','SALESMAN');

ENAME      JOB                                                                                                                                                                                          
---------- ---------                                                                                                                                                                                    
ALLEN      SALESMAN                                                                                                                                                                                     
WARD       SALESMAN                                                                                                                                                                                     
JONES      MANAGER                                                                                                                                                                                      
MARTIN     SALESMAN                                                                                                                                                                                     
BLAKE      MANAGER                                                                                                                                                                                      
CLARK      MANAGER                                                                                                                                                                                      
TURNER     SALESMAN                                                                                                                                                                                     

7 rows selected.

SQL> SELECT ENAME
  2  FROM EMP
  3  WHERE JOB IN ('ANALYST','SALESMAN') AND SAL<4000;

ENAME                                                                                                                                                                                                   
----------                                                                                                                                                                                              
ALLEN                                                                                                                                                                                                   
WARD                                                                                                                                                                                                    
MARTIN                                                                                                                                                                                                  
SCOTT                                                                                                                                                                                                   
TURNER                                                                                                                                                                                                  
FORD                                                                                                                                                                                                    

6 rows selected.

SQL>  SELECT *
  2  FROM EMP
  3  WHERE DEPTNO NOT IN (20,30);

     EMPNO ENAME      JOB              MGR HIREDATE         SAL       COMM     DEPTNO                                                                                                                   
---------- ---------- --------- ---------- --------- ---------- ---------- ----------                                                                                                                   
      7782 CLARK      MANAGER         7839 09-JUN-81       2450                    10                                                                                                                   
      7839 KING       PRESIDENT            17-NOV-81       5000                    10                                                                                                                   
      7934 MILLER     CLERK           7782 23-JAN-82       1300                    10                                                                                                                   

SQL> SELECT ENAME,JOB
  2  FROM EMP
  3  WHERE JOB NOT IN ('ANALYST','SALESMAN');

ENAME      JOB                                                                                                                                                                                          
---------- ---------                                                                                                                                                                                    
SMITH      CLERK                                                                                                                                                                                        
JONES      MANAGER                                                                                                                                                                                      
BLAKE      MANAGER                                                                                                                                                                                      
CLARK      MANAGER                                                                                                                                                                                      
KING       PRESIDENT                                                                                                                                                                                    
ADAMS      CLERK                                                                                                                                                                                        
JAMES      CLERK                                                                                                                                                                                        
MILLER     CLERK                                                                                                                                                                                        

8 rows selected.

SQL> SELECT *
  2  FROM EMP
  3  WHERE COMM=NULL;

no rows selected

SQL> SELECT *
  2  FROM EMP
  3  WHERE COMM IS NULL;

     EMPNO ENAME      JOB              MGR HIREDATE         SAL       COMM     DEPTNO                                                                                                                   
---------- ---------- --------- ---------- --------- ---------- ---------- ----------                                                                                                                   
      7369 SMITH      CLERK           7902 17-DEC-80        800                    20                                                                                                                   
      7566 JONES      MANAGER         7839 02-APR-81       2975                    20                                                                                                                   
      7698 BLAKE      MANAGER         7839 01-MAY-81       2850                    30                                                                                                                   
      7782 CLARK      MANAGER         7839 09-JUN-81       2450                    10                                                                                                                   
      7788 SCOTT      ANALYST         7566 19-APR-87       3000                    20                                                                                                                   
      7839 KING       PRESIDENT            17-NOV-81       5000                    10                                                                                                                   
      7876 ADAMS      CLERK           7788 23-MAY-87       1100                    20                                                                                                                   
      7900 JAMES      CLERK           7698 03-DEC-81        950                    30                                                                                                                   
      7902 FORD       ANALYST         7566 03-DEC-81       3000                    20                                                                                                                   
      7934 MILLER     CLERK           7782 23-JAN-82       1300                    10                                                                                                                   

10 rows selected.

SQL> SELECT *
  2  FROM EMP
  3  WHERE MGR IS NULL;

     EMPNO ENAME      JOB              MGR HIREDATE         SAL       COMM     DEPTNO                                                                                                                   
---------- ---------- --------- ---------- --------- ---------- ---------- ----------                                                                                                                   
      7839 KING       PRESIDENT            17-NOV-81       5000                    10                                                                                                                   

SQL> SELECT *
  2  FROM EMP
  3  WHERE MGE IS NOT NULL;
WHERE MGE IS NOT NULL
      *
ERROR at line 3:
ORA-00904: "MGE": invalid identifier 


SQL> ED
Wrote file afiedt.buf

  1  SELECT *
  2  FROM EMP
  3* WHERE MGR IS NOT NULL
SQL> /

     EMPNO ENAME      JOB              MGR HIREDATE         SAL       COMM     DEPTNO                                                                                                                   
---------- ---------- --------- ---------- --------- ---------- ---------- ----------                                                                                                                   
      7369 SMITH      CLERK           7902 17-DEC-80        800                    20                                                                                                                   
      7499 ALLEN      SALESMAN        7698 20-FEB-81       1600        300         30                                                                                                                   
      7521 WARD       SALESMAN        7698 22-FEB-81       1250        500         30                                                                                                                   
      7566 JONES      MANAGER         7839 02-APR-81       2975                    20                                                                                                                   
      7654 MARTIN     SALESMAN        7698 28-SEP-81       1250       1400         30                                                                                                                   
      7698 BLAKE      MANAGER         7839 01-MAY-81       2850                    30                                                                                                                   
      7782 CLARK      MANAGER         7839 09-JUN-81       2450                    10                                                                                                                   
      7788 SCOTT      ANALYST         7566 19-APR-87       3000                    20                                                                                                                   
      7844 TURNER     SALESMAN        7698 08-SEP-81       1500          0         30                                                                                                                   
      7876 ADAMS      CLERK           7788 23-MAY-87       1100                    20                                                                                                                   
      7900 JAMES      CLERK           7698 03-DEC-81        950                    30                                                                                                                   
      7902 FORD       ANALYST         7566 03-DEC-81       3000                    20                                                                                                                   
      7934 MILLER     CLERK           7782 23-JAN-82       1300                    10                                                                                                                   

13 rows selected.

SQL> SELECT SAL
  2  FROM EMP
  3  WHERE SAL BETWEEN 2000 AND 3000;

       SAL                                                                                                                                                                                              
----------                                                                                                                                                                                              
      2975                                                                                                                                                                                              
      2850                                                                                                                                                                                              
      2450                                                                                                                                                                                              
      3000                                                                                                                                                                                              
      3000                                                                                                                                                                                              

SQL> SELECT SAL
  2  FROM EMP
  3  WHERE SAL BETWEEN 2001 AND 2999;

       SAL                                                                                                                                                                                              
----------                                                                                                                                                                                              
      2975                                                                                                                                                                                              
      2850                                                                                                                                                                                              
      2450                                                                                                                                                                                              

SQL> SELECT SAL
  2  FROM EMP
  3  WHERE SAL BETWEEN 2001 AND 2999;

       SAL                                                                                                                                                                                              
----------                                                                                                                                                                                              
      2975                                                                                                                                                                                              
      2850                                                                                                                                                                                              
      2450                                                                                                                                                                                              

SQL>  SELECT SAL
  2  FROM EMP
  3  WHERE SAL NOT BETWEEN 2000 AND 3000;

       SAL                                                                                                                                                                                              
----------                                                                                                                                                                                              
       800                                                                                                                                                                                              
      1600                                                                                                                                                                                              
      1250                                                                                                                                                                                              
      1250                                                                                                                                                                                              
      5000                                                                                                                                                                                              
      1500                                                                                                                                                                                              
      1100                                                                                                                                                                                              
       950                                                                                                                                                                                              
      1300                                                                                                                                                                                              

9 rows selected.

SQL> SELECT ENAME
  2  FROM EMP
  3  WHERE ENAME LIKE A%;
WHERE ENAME LIKE A%
                  *
ERROR at line 3:
ORA-00911: invalid character 


SQL> ED
Wrote file afiedt.buf

  1  SELECT ENAME
  2  FROM EMP
  3* WHERE ENAME LIKE 'A%'
SQL> /

ENAME                                                                                                                                                                                                   
----------                                                                                                                                                                                              
ALLEN                                                                                                                                                                                                   
ADAMS                                                                                                                                                                                                   

SQL> SELECT *
  2  FROM EMP
  3  WHERE ENAME LIKE '%A';

no rows selected

SQL> SELECT ENAME
  2  FROM EMP
  3  WHERE ENAME LIKE '%A';

no rows selected

SQL> SELECT ENAME
  2  FROM EMP
  3  WHERE ENAME LIKE 'A____';

ENAME                                                                                                                                                                                                   
----------                                                                                                                                                                                              
ALLEN                                                                                                                                                                                                   
ADAMS                                                                                                                                                                                                   

SQL> SELECT ENAME
  2  FROM EMP
  3  WHERE ENAME LIKE '%N';

ENAME                                                                                                                                                                                                   
----------                                                                                                                                                                                              
ALLEN                                                                                                                                                                                                   
MARTIN                                                                                                                                                                                                  

SQL> SPOOL OFF;
