SQL> SELECT MAX(SAL)
  2  FROM EMP
  3  GROUP BY DEPTNO;

  MAX(SAL)                                                                                                                                                                                              
----------                                                                                                                                                                                              
      2850                                                                                                                                                                                              
      3000                                                                                                                                                                                              
      5000                                                                                                                                                                                              

SQL> ED
Wrote file afiedt.buf

  1  SELECT MAX(SAL),DEPTNO
  2  FROM EMP
  3* GROUP BY DEPTNO
SQL> /

  MAX(SAL)     DEPTNO                                                                                                                                                                                   
---------- ----------                                                                                                                                                                                   
      2850         30                                                                                                                                                                                   
      3000         20                                                                                                                                                                                   
      5000         10                                                                                                                                                                                   

SQL> ED
Wrote file afiedt.buf

  1  SELECT MAX(SAL),DEPTNO,ENAME,JOB,SAL
  2  FROM EMP
  3* GROUP BY DEPTNO
SQL> /
SELECT MAX(SAL),DEPTNO,ENAME,JOB,SAL
                       *
ERROR at line 1:
ORA-00979: not a GROUP BY expression 


SQL> SELECT COUNT(EMP)
  2  FROM EMP
  3  WHERE JOB IS NOT PRESIDENT
  4  GROUP BY DEPTNO;
WHERE JOB IS NOT PRESIDENT
                 *
ERROR at line 3:
ORA-00908: missing NULL keyword 


SQL> ED
Wrote file afiedt.buf

  1  SELECT COUNT(*)
  2  FROM EMP
  3  WHERE JOB IS NOT PRESIDENT
  4* GROUP BY DEPTNO
SQL> /
WHERE JOB IS NOT PRESIDENT
                 *
ERROR at line 3:
ORA-00908: missing NULL keyword 


SQL> SELECT COUNT(*)
  2  FROM EMP
  3  WHERE JOB!='PRESIDENT'
  4  GROUP BY DEPTNO;

  COUNT(*)                                                                                                                                                                                              
----------                                                                                                                                                                                              
         6                                                                                                                                                                                              
         5                                                                                                                                                                                              
         2                                                                                                                                                                                              

SQL> ED
Wrote file afiedt.buf

  1  SELECT COUNT(*),DEPTNO,JOB
  2  FROM EMP
  3  WHERE JOB!='PRESIDENT'
  4* GROUP BY DEPTNO,JOB
SQL> /

  COUNT(*)     DEPTNO JOB                                                                                                                                                                               
---------- ---------- ---------                                                                                                                                                                         
         2         20 CLERK                                                                                                                                                                             
         4         30 SALESMAN                                                                                                                                                                          
         1         20 MANAGER                                                                                                                                                                           
         1         30 CLERK                                                                                                                                                                             
         1         30 MANAGER                                                                                                                                                                           
         1         10 CLERK                                                                                                                                                                             
         1         10 MANAGER                                                                                                                                                                           
         2         20 ANALYST                                                                                                                                                                           

8 rows selected.

SQL> ED
Wrote file afiedt.buf

  1  SELECT COUNT(*),DEPTNO
  2  FROM EMP
  3  WHERE JOB!='PRESIDENT'
  4* GROUP BY DEPTNO
SQL> /

  COUNT(*)     DEPTNO                                                                                                                                                                                   
---------- ----------                                                                                                                                                                                   
         6         30                                                                                                                                                                                   
         5         20                                                                                                                                                                                   
         2         10                                                                                                                                                                                   

SQL> SELECT SUM(SAL),JOB
  2  FROM EMP
  3  GROUP BY JOB;

  SUM(SAL) JOB                                                                                                                                                                                          
---------- ---------                                                                                                                                                                                    
      4150 CLERK                                                                                                                                                                                        
      5600 SALESMAN                                                                                                                                                                                     
      5000 PRESIDENT                                                                                                                                                                                    
      8275 MANAGER                                                                                                                                                                                      
      6000 ANALYST                                                                                                                                                                                      

SQL> SELECT SELECT COUNT(*)
  2  FROM EMP
  3  WHERE JOB='MANAGER'
  4  GROUP BY DEPTNO;
SELECT SELECT COUNT(*)
       *
ERROR at line 1:
ORA-00936: missing expression 


SQL> ED
Wrote file afiedt.buf

  1  SELECT COUNT(*)
  2  FROM EMP
  3  WHERE JOB='MANAGER'
  4* GROUP BY DEPTNO
SQL> /

  COUNT(*)                                                                                                                                                                                              
----------                                                                                                                                                                                              
         1                                                                                                                                                                                              
         1                                                                                                                                                                                              
         1                                                                                                                                                                                              

SQL> ED
Wrote file afiedt.buf

  1  SELECT COUNT(*),DEPTNO
  2  FROM EMP
  3  WHERE JOB='MANAGER'
  4* GROUP BY DEPTNO
SQL> /

  COUNT(*)     DEPTNO                                                                                                                                                                                   
---------- ----------                                                                                                                                                                                   
         1         30                                                                                                                                                                                   
         1         20                                                                                                                                                                                   
         1         10                                                                                                                                                                                   

SQL> SELECT AVG(SAL)
  2  FROM EMP
  3  WHERE DEPTNO!=20
  4  GROUP BY DEPTNO;

  AVG(SAL)                                                                                                                                                                                              
----------                                                                                                                                                                                              
1566.66667                                                                                                                                                                                              
2916.66667                                                                                                                                                                                              

SQL> ED
Wrote file afiedt.buf

  1  SELECT AVG(SAL),DEPTNO
  2  FROM EMP
  3  WHERE DEPTNO!=20
  4* GROUP BY DEPTNO
SQL> /

  AVG(SAL)     DEPTNO                                                                                                                                                                                   
---------- ----------                                                                                                                                                                                   
1566.66667         30                                                                                                                                                                                   
2916.66667         10                                                                                                                                                                                   

SQL> --Q5--
SQL> SELECT COUNT(*)
  2  FROM EMP
  3  WHERE ENAME LIKE '%A%'
  4  GROUP BY JOB;

  COUNT(*)                                                                                                                                                                                              
----------                                                                                                                                                                                              
         3                                                                                                                                                                                              
         2                                                                                                                                                                                              
         2                                                                                                                                                                                              

SQL> ED
Wrote file afiedt.buf

  1  SELECT COUNT(*),JOB
  2  FROM EMP
  3  WHERE ENAME LIKE '%A%'
  4* GROUP BY JOB
SQL> /

  COUNT(*) JOB                                                                                                                                                                                          
---------- ---------                                                                                                                                                                                    
         3 SALESMAN                                                                                                                                                                                     
         2 CLERK                                                                                                                                                                                        
         2 MANAGER                                                                                                                                                                                      

SQL> ED
Wrote file afiedt.buf

  1  SELECT COUNT(*),JOB,ENAME
  2  FROM EMP
  3  WHERE ENAME LIKE '%A%'
  4* GROUP BY JOB,ENAME
SQL> /

  COUNT(*) JOB       ENAME                                                                                                                                                                              
---------- --------- ----------                                                                                                                                                                         
         1 SALESMAN  WARD                                                                                                                                                                               
         1 MANAGER   CLARK                                                                                                                                                                              
         1 MANAGER   BLAKE                                                                                                                                                                              
         1 CLERK     ADAMS                                                                                                                                                                              
         1 SALESMAN  MARTIN                                                                                                                                                                             
         1 CLERK     JAMES                                                                                                                                                                              
         1 SALESMAN  ALLEN                                                                                                                                                                              

7 rows selected.

SQL> --Q6--
SQL> SELECT COUNT(*),AVG(SAL)
  2  FROM EMP
  3  WHERE SAL>2000
  4  GROUP BY DEPTNO;

  COUNT(*)   AVG(SAL)                                                                                                                                                                                   
---------- ----------                                                                                                                                                                                   
         1       2850                                                                                                                                                                                   
         3 2991.66667                                                                                                                                                                                   
         2       3725                                                                                                                                                                                   

SQL> ED
Wrote file afiedt.buf

  1  SELECT COUNT(*),AVG(SAL),DEPTNO
  2  FROM EMP
  3  WHERE SAL>2000
  4* GROUP BY DEPTNO
SQL> /

  COUNT(*)   AVG(SAL)     DEPTNO                                                                                                                                                                        
---------- ---------- ----------                                                                                                                                                                        
         1       2850         30                                                                                                                                                                        
         3 2991.66667         20                                                                                                                                                                        
         2       3725         10                                                                                                                                                                        

SQL> --Q7--
SQL> SELECT SUM(SAL),COUNT(JOB),DEPTNO
  2  FROM EMP
  3  WHERE JOB='SALESMANS'
  4  GROUP BY DEPTNO;

no rows selected

SQL> SELECT SUM(SAL),DEPTNO
  2  FROM EMP
  3  WHERE JOB='SALESMANS'
  4  GROUP BY DEPTNO;

no rows selected

SQL> ED
Wrote file afiedt.buf

  1  SELECT SUM(SAL),DEPTNO
  2  FROM EMP
  3  WHERE JOB='SALESMAN'
  4* GROUP BY DEPTNO
SQL> /

  SUM(SAL)     DEPTNO                                                                                                                                                                                   
---------- ----------                                                                                                                                                                                   
      5600         30                                                                                                                                                                                   

SQL> SELECT SUM(SAL),COUNT(*),DEPTNO
  2  FROM EMP
  3  WHERE JOB='SALESMAN'
  4  GROUP BY DEPTNO;

  SUM(SAL)   COUNT(*)     DEPTNO                                                                                                                                                                        
---------- ---------- ----------                                                                                                                                                                        
      5600          4         30                                                                                                                                                                        

SQL> SELECT COUNT(*),MAX(SAL),JOB
  2  FROM EMP
  3  GROUP BY JOB;

  COUNT(*)   MAX(SAL) JOB                                                                                                                                                                               
---------- ---------- ---------                                                                                                                                                                         
         4       1300 CLERK                                                                                                                                                                             
         4       1600 SALESMAN                                                                                                                                                                          
         1       5000 PRESIDENT                                                                                                                                                                         
         3       2975 MANAGER                                                                                                                                                                           
         2       3000 ANALYST                                                                                                                                                                           

SQL> SELECT MAX(SAL),DEPTNO
  2  FROM EMP
  3  GROUP BY DEPTNO;

  MAX(SAL)     DEPTNO                                                                                                                                                                                   
---------- ----------                                                                                                                                                                                   
      2850         30                                                                                                                                                                                   
      3000         20                                                                                                                                                                                   
      5000         10                                                                                                                                                                                   

SQL> SELECT COUNT(SAL)
  2  FROM EMP;

COUNT(SAL)                                                                                                                                                                                              
----------                                                                                                                                                                                              
        14                                                                                                                                                                                              

SQL> SELECT COUNT(*)
  2  FROM EMP
  3  GROUP BY SAL;

  COUNT(*)                                                                                                                                                                                              
----------                                                                                                                                                                                              
         1                                                                                                                                                                                              
         1                                                                                                                                                                                              
         1                                                                                                                                                                                              
         2                                                                                                                                                                                              
         1                                                                                                                                                                                              
         1                                                                                                                                                                                              
         1                                                                                                                                                                                              
         2                                                                                                                                                                                              
         1                                                                                                                                                                                              
         1                                                                                                                                                                                              
         1                                                                                                                                                                                              
         1                                                                                                                                                                                              

12 rows selected.

SQL> ED
Wrote file afiedt.buf

  1  SELECT COUNT(*),DEPTNO
  2  FROM EMP
  3* GROUP BY SAL,DEPTNO
SQL> /

  COUNT(*)     DEPTNO                                                                                                                                                                                   
---------- ----------                                                                                                                                                                                   
         1         10                                                                                                                                                                                   
         1         10                                                                                                                                                                                   
         1         30                                                                                                                                                                                   
         2         30                                                                                                                                                                                   
         1         10                                                                                                                                                                                   
         2         20                                                                                                                                                                                   
         1         20                                                                                                                                                                                   
         1         30                                                                                                                                                                                   
         1         30                                                                                                                                                                                   
         1         20                                                                                                                                                                                   
         1         30                                                                                                                                                                                   
         1         20                                                                                                                                                                                   

12 rows selected.

SQL> ED
Wrote file afiedt.buf

  1  SELECT COUNT(*),SAL
  2  FROM EMP
  3* GROUP BY SAL
SQL> /

  COUNT(*)        SAL                                                                                                                                                                                   
---------- ----------                                                                                                                                                                                   
         1       2450                                                                                                                                                                                   
         1       5000                                                                                                                                                                                   
         1       1300                                                                                                                                                                                   
         2       1250                                                                                                                                                                                   
         1       2850                                                                                                                                                                                   
         1       2975                                                                                                                                                                                   
         1       1100                                                                                                                                                                                   
         2       3000                                                                                                                                                                                   
         1        800                                                                                                                                                                                   
         1       1600                                                                                                                                                                                   
         1       1500                                                                                                                                                                                   
         1        950                                                                                                                                                                                   

12 rows selected.

SQL> SELECT COUNT(*)
  2  FROM EMP
  3  GROUP BY DEPTNO
  4  HAVING COUNT(*)>2;

  COUNT(*)                                                                                                                                                                                              
----------                                                                                                                                                                                              
         6                                                                                                                                                                                              
         5                                                                                                                                                                                              
         3                                                                                                                                                                                              

SQL> ED
Wrote file afiedt.buf

  1  SELECT COUNT(*),DEPTNO
  2  FROM EMP
  3  GROUP BY DEPTNO
  4* HAVING COUNT(*)>2
SQL> /

  COUNT(*)     DEPTNO                                                                                                                                                                                   
---------- ----------                                                                                                                                                                                   
         6         30                                                                                                                                                                                   
         5         20                                                                                                                                                                                   
         3         10                                                                                                                                                                                   

SQL> 
SQL> select count(*)
  2  from emp
  3  WHERE JOB IN ('SALESMAN','ANALYST')
  4  GROUP BY JOB
  5  HAVING SAL>2000;
HAVING SAL>2000
       *
ERROR at line 5:
ORA-00979: not a GROUP BY expression 


SQL> ED
Wrote file afiedt.buf

  1  select count(*)
  2  from emp
  3  WHERE JOB IN ('SALESMAN','ANALYST')
  4  GROUP BY SAL
  5* HAVING SAL>2000
SQL> /

  COUNT(*)                                                                                                                                                                                              
----------                                                                                                                                                                                              
         2                                                                                                                                                                                              

SQL> ED
Wrote file afiedt.buf

  1  select count(*)
  2  from emp
  3  WHERE JOB IN ('SALESMAN','ANALYST') AND SAL>2000
  4  GROUP BY SAL
  5* HAVING MAX(SAL>1000)
SQL> /
HAVING MAX(SAL>1000)
              *
ERROR at line 5:
ORA-00907: missing right parenthesis 


SQL> ED
Wrote file afiedt.buf

  1  select count(*)
  2  from emp
  3  WHERE JOB IN ('SALESMAN','ANALYST') AND SAL>2000
  4  GROUP BY SAL
  5* HAVING MAX(SAL)>1000
SQL> /

  COUNT(*)                                                                                                                                                                                              
----------                                                                                                                                                                                              
         2                                                                                                                                                                                              

SQL> SELECT SAL
  2  FROM EMP
  3  GROUP BY SAL;

       SAL                                                                                                                                                                                              
----------                                                                                                                                                                                              
      2450                                                                                                                                                                                              
      5000                                                                                                                                                                                              
      1300                                                                                                                                                                                              
      1250                                                                                                                                                                                              
      2850                                                                                                                                                                                              
      2975                                                                                                                                                                                              
      1100                                                                                                                                                                                              
      3000                                                                                                                                                                                              
       800                                                                                                                                                                                              
      1600                                                                                                                                                                                              
      1500                                                                                                                                                                                              
       950                                                                                                                                                                                              

12 rows selected.

SQL> SELECT
  2  
SQL> 
SQL> 
SQL> 
SQL> 
SQL> 
SQL> 
SQL> SELECT ENAME
  2  FROM EMP
  3  GROUP BY ENAME
  4  HAVING COUNT(*)=2;

no rows selected

SQL> SELECT COUNT(*)
  2  FROM EMP
  3  GROUP BY ENAME
  4  HAVING ENAME=2;
HAVING ENAME=2
       *
ERROR at line 4:
ORA-01722: invalid number 


SQL> ED
Wrote file afiedt.buf

  1  SELECT COUNT(*)
  2  FROM EMP
  3* GROUP BY ENAME
SQL> /

  COUNT(*)                                                                                                                                                                                              
----------                                                                                                                                                                                              
         1                                                                                                                                                                                              
         1                                                                                                                                                                                              
         1                                                                                                                                                                                              
         1                                                                                                                                                                                              
         1                                                                                                                                                                                              
         1                                                                                                                                                                                              
         1                                                                                                                                                                                              
         1                                                                                                                                                                                              
         1                                                                                                                                                                                              
         1                                                                                                                                                                                              
         1                                                                                                                                                                                              
         1                                                                                                                                                                                              
         1                                                                                                                                                                                              
         1                                                                                                                                                                                              

14 rows selected.

SQL>  SELECT COUNT(*)
  2  FROM EMP
  3  GROUP BY SAL
  4  HAVING COUNT(*)>1;

  COUNT(*)                                                                                                                                                                                              
----------                                                                                                                                                                                              
         2                                                                                                                                                                                              
         2                                                                                                                                                                                              

SQL> ED
Wrote file afiedt.buf

  1   SELECT COUNT(*),SAL
  2  FROM EMP
  3  GROUP BY SAL
  4* HAVING COUNT(*)>1
SQL> /

  COUNT(*)        SAL                                                                                                                                                                                   
---------- ----------                                                                                                                                                                                   
         2       1250                                                                                                                                                                                   
         2       3000                                                                                                                                                                                   

SQL> --assign having --
SQL> --q1--
SQL> select DEPTNO,COUNT(*)
  2  FROM EMP
  3  GROUP BY DEPTNO
  4  HAVING CLERKS=3;
HAVING CLERKS=3
       *
ERROR at line 4:
ORA-00904: "CLERKS": invalid identifier 


SQL> ED
Wrote file afiedt.buf

  1  select DEPTNO,COUNT(*)
  2  FROM EMP
  3  GROUP BY DEPTNO
  4* HAVING JOB='CLERKS'
SQL> /
HAVING JOB='CLERKS'
       *
ERROR at line 4:
ORA-00979: not a GROUP BY expression 


SQL> ED
Wrote file afiedt.buf

  1  select DEPTNO,COUNT(*)
  2  FROM EMP
  3  WHERE JOB='CLERKS'
  4  GROUP BY DEPTNO
  5* HAVING COUNT(*)>=3
  6  /

no rows selected

SQL> SELECT DEPTNO,SUM(SAL)
  2  FROM EMP
  3  GROUP BY DEPTNO
  4  HAVING DEPTNO>=4;

    DEPTNO   SUM(SAL)                                                                                                                                                                                   
---------- ----------                                                                                                                                                                                   
        30       9400                                                                                                                                                                                   
        20      10875                                                                                                                                                                                   
        10       8750                                                                                                                                                                                   

SQL> SELECT COUNT(*)
  2  FROM EMP
  3  WHERE SAL>1200
  4  GROUP BY JOB
  5  HAVING SUM(SAL)>3800;

  COUNT(*)                                                                                                                                                                                              
----------                                                                                                                                                                                              
         4                                                                                                                                                                                              
         1                                                                                                                                                                                              
         3                                                                                                                                                                                              
         2                                                                                                                                                                                              

SQL> ED
Wrote file afiedt.buf

  1  SELECT COUNT(*),JOB
  2  FROM EMP
  3  WHERE SAL>1200
  4  GROUP BY JOB
  5* HAVING SUM(SAL)>3800
SQL> /

  COUNT(*) JOB                                                                                                                                                                                          
---------- ---------                                                                                                                                                                                    
         4 SALESMAN                                                                                                                                                                                     
         1 PRESIDENT                                                                                                                                                                                    
         3 MANAGER                                                                                                                                                                                      
         2 ANALYST                                                                                                                                                                                      

SQL> --Q4--
SQL> SELECT DEPTNO,COUNT(*)
  2  FROM EMP
  3  WHERE JOB='MANAGER'
  4  GROUP BY DEPTNO
  5  HAVING DEPTNO=2;

no rows selected

SQL> --Q5--
SQL> ED
Wrote file afiedt.buf

  1  SELECT DEPTNO,COUNT(*)
  2  FROM EMP
  3  WHERE JOB='MANAGER'
  4  GROUP BY DEPTNO
  5* HAVING COUNT(*)=2
SQL> /

no rows selected

SQL> --Q5--
SQL> SELECT JOB,MAX(SAL)
  2  FROM EMP
  3  GROUP BY JOB
  4  HAVING MAX(SAL)>2600;

JOB         MAX(SAL)                                                                                                                                                                                    
--------- ----------                                                                                                                                                                                    
PRESIDENT       5000                                                                                                                                                                                    
MANAGER         2975                                                                                                                                                                                    
ANALYST         3000                                                                                                                                                                                    

SQL> --Q6--
SQL> SELECT SAL
  2  FROM EMP
  3  HAVING COUNT(*)>1;
SELECT SAL
       *
ERROR at line 1:
ORA-00937: not a single-group group function 


SQL> ED
Wrote file afiedt.buf

  1  SELECT SAL,COUNT(*)
  2  FROM EMP
  3* HAVING COUNT(*)>1
SQL> /
SELECT SAL,COUNT(*)
       *
ERROR at line 1:
ORA-00937: not a single-group group function 


SQL> ED
Wrote file afiedt.buf

  1  SELECT SAL,COUNT(*)
  2  FROM EMP
  3  GROUP BY SAL
  4* HAVING COUNT(*)>1
SQL> /

       SAL   COUNT(*)                                                                                                                                                                                   
---------- ----------                                                                                                                                                                                   
      1250          2                                                                                                                                                                                   
      3000          2                                                                                                                                                                                   

SQL> SELECT HIREDATE,COUNT(*)
  2  FROM EMP
  3  GROUP BY HIREDATE
  4  HAVING COUNT(*)>1;

HIREDATE    COUNT(*)                                                                                                                                                                                    
--------- ----------                                                                                                                                                                                    
03-DEC-81          2                                                                                                                                                                                    

SQL> SELECT AVG(SAL),DEPTNO
  2  FROM EMP
  3  GROUP BY DEPTNO
  4  HAVING AVG(SAL)<3000;

  AVG(SAL)     DEPTNO                                                                                                                                                                                   
---------- ----------                                                                                                                                                                                   
1566.66667         30                                                                                                                                                                                   
      2175         20                                                                                                                                                                                   
2916.66667         10                                                                                                                                                                                   

SQL> SELECT DEPTNO,ENAME
  2  FROM EMP
  3  WHERE ENAME LIKE '%A%' OR ENAME LIKE '%S%'
  4  GROUP BY DEPTNO
  5  HAVING COUNT(*)=3;
SELECT DEPTNO,ENAME
              *
ERROR at line 1:
ORA-00979: not a GROUP BY expression 


SQL> ED
Wrote file afiedt.buf

  1  SELECT DEPTNO,ENAME,COUNT(*)
  2  FROM EMP
  3  WHERE ENAME LIKE '%A%' OR ENAME LIKE '%S%'
  4  GROUP BY DEPTNO
  5* HAVING COUNT(*)=3
SQL> /
SELECT DEPTNO,ENAME,COUNT(*)
              *
ERROR at line 1:
ORA-00979: not a GROUP BY expression 


SQL> ED
Wrote file afiedt.buf

  1  SELECT DEPTNO,COUNT(*)
  2  FROM EMP
  3  WHERE ENAME LIKE '%A%' OR ENAME LIKE '%S%'
  4  GROUP BY DEPTNO
  5* HAVING COUNT(*)>=3
SQL> /

    DEPTNO   COUNT(*)                                                                                                                                                                                   
---------- ----------                                                                                                                                                                                   
        30          5                                                                                                                                                                                   
        20          4                                                                                                                                                                                   

SQL> SELECT MIN(SAL),MAX(SAL)
  2  FROM EMP
  3  GROUP BY JOB
  4  HAVING MIN(SAL)>1000 AND MAX(SAL)<5000;

  MIN(SAL)   MAX(SAL)                                                                                                                                                                                   
---------- ----------                                                                                                                                                                                   
      1250       1600                                                                                                                                                                                   
      2450       2975                                                                                                                                                                                   
      3000       3000                                                                                                                                                                                   

SQL> ED
Wrote file afiedt.buf

  1  SELECT MIN(SAL),MAX(SAL),JOB
  2  FROM EMP
  3  GROUP BY JOB
  4* HAVING MIN(SAL)>1000 AND MAX(SAL)<5000
SQL> /

  MIN(SAL)   MAX(SAL) JOB                                                                                                                                                                               
---------- ---------- ---------                                                                                                                                                                         
      1250       1600 SALESMAN                                                                                                                                                                          
      2450       2975 MANAGER                                                                                                                                                                           
      3000       3000 ANALYST                                                                                                                                                                           

SQL> SELECT SUM(SAL),DEPTNO
  2  FROM EMP
  3  GROUP BY DEPTNO
  4  HAVING COUNT(*)>=4;

  SUM(SAL)     DEPTNO                                                                                                                                                                                   
---------- ----------                                                                                                                                                                                   
      9400         30                                                                                                                                                                                   
     10875         20                                                                                                                                                                                   

SQL> SPOOL OFF
