SQL> SET PAGES 400 LINES 400;
SQL> SELECT *
  2  FROM EMP,DEPT;

     EMPNO ENAME      JOB              MGR HIREDATE         SAL       COMM     DEPTNO     DEPTNO DNAME          LOC                                                                                                                                                                                                                                                                                             
---------- ---------- --------- ---------- --------- ---------- ---------- ---------- ---------- -------------- -------------                                                                                                                                                                                                                                                                                   
      7369 SMITH      CLERK           7902 17-DEC-80        800                    20         10 ACCOUNTING     NEW YORK                                                                                                                                                                                                                                                                                        
      7499 ALLEN      SALESMAN        7698 20-FEB-81       1600        300         30         10 ACCOUNTING     NEW YORK                                                                                                                                                                                                                                                                                        
      7521 WARD       SALESMAN        7698 22-FEB-81       1250        500         30         10 ACCOUNTING     NEW YORK                                                                                                                                                                                                                                                                                        
      7566 JONES      MANAGER         7839 02-APR-81       2975                    20         10 ACCOUNTING     NEW YORK                                                                                                                                                                                                                                                                                        
      7654 MARTIN     SALESMAN        7698 28-SEP-81       1250       1400         30         10 ACCOUNTING     NEW YORK                                                                                                                                                                                                                                                                                        
      7698 BLAKE      MANAGER         7839 01-MAY-81       2850                    30         10 ACCOUNTING     NEW YORK                                                                                                                                                                                                                                                                                        
      7782 CLARK      MANAGER         7839 09-JUN-81       2450                    10         10 ACCOUNTING     NEW YORK                                                                                                                                                                                                                                                                                        
      7788 SCOTT      ANALYST         7566 19-APR-87       3000                    20         10 ACCOUNTING     NEW YORK                                                                                                                                                                                                                                                                                        
      7839 KING       PRESIDENT            17-NOV-81       5000                    10         10 ACCOUNTING     NEW YORK                                                                                                                                                                                                                                                                                        
      7844 TURNER     SALESMAN        7698 08-SEP-81       1500          0         30         10 ACCOUNTING     NEW YORK                                                                                                                                                                                                                                                                                        
      7876 ADAMS      CLERK           7788 23-MAY-87       1100                    20         10 ACCOUNTING     NEW YORK                                                                                                                                                                                                                                                                                        
      7900 JAMES      CLERK           7698 03-DEC-81        950                    30         10 ACCOUNTING     NEW YORK                                                                                                                                                                                                                                                                                        
      7902 FORD       ANALYST         7566 03-DEC-81       3000                    20         10 ACCOUNTING     NEW YORK                                                                                                                                                                                                                                                                                        
      7934 MILLER     CLERK           7782 23-JAN-82       1300                    10         10 ACCOUNTING     NEW YORK                                                                                                                                                                                                                                                                                        
      7369 SMITH      CLERK           7902 17-DEC-80        800                    20         20 RESEARCH       DALLAS                                                                                                                                                                                                                                                                                          
      7499 ALLEN      SALESMAN        7698 20-FEB-81       1600        300         30         20 RESEARCH       DALLAS                                                                                                                                                                                                                                                                                          
      7521 WARD       SALESMAN        7698 22-FEB-81       1250        500         30         20 RESEARCH       DALLAS                                                                                                                                                                                                                                                                                          
      7566 JONES      MANAGER         7839 02-APR-81       2975                    20         20 RESEARCH       DALLAS                                                                                                                                                                                                                                                                                          
      7654 MARTIN     SALESMAN        7698 28-SEP-81       1250       1400         30         20 RESEARCH       DALLAS                                                                                                                                                                                                                                                                                          
      7698 BLAKE      MANAGER         7839 01-MAY-81       2850                    30         20 RESEARCH       DALLAS                                                                                                                                                                                                                                                                                          
      7782 CLARK      MANAGER         7839 09-JUN-81       2450                    10         20 RESEARCH       DALLAS                                                                                                                                                                                                                                                                                          
      7788 SCOTT      ANALYST         7566 19-APR-87       3000                    20         20 RESEARCH       DALLAS                                                                                                                                                                                                                                                                                          
      7839 KING       PRESIDENT            17-NOV-81       5000                    10         20 RESEARCH       DALLAS                                                                                                                                                                                                                                                                                          
      7844 TURNER     SALESMAN        7698 08-SEP-81       1500          0         30         20 RESEARCH       DALLAS                                                                                                                                                                                                                                                                                          
      7876 ADAMS      CLERK           7788 23-MAY-87       1100                    20         20 RESEARCH       DALLAS                                                                                                                                                                                                                                                                                          
      7900 JAMES      CLERK           7698 03-DEC-81        950                    30         20 RESEARCH       DALLAS                                                                                                                                                                                                                                                                                          
      7902 FORD       ANALYST         7566 03-DEC-81       3000                    20         20 RESEARCH       DALLAS                                                                                                                                                                                                                                                                                          
      7934 MILLER     CLERK           7782 23-JAN-82       1300                    10         20 RESEARCH       DALLAS                                                                                                                                                                                                                                                                                          
      7369 SMITH      CLERK           7902 17-DEC-80        800                    20         30 SALES          CHICAGO                                                                                                                                                                                                                                                                                         
      7499 ALLEN      SALESMAN        7698 20-FEB-81       1600        300         30         30 SALES          CHICAGO                                                                                                                                                                                                                                                                                         
      7521 WARD       SALESMAN        7698 22-FEB-81       1250        500         30         30 SALES          CHICAGO                                                                                                                                                                                                                                                                                         
      7566 JONES      MANAGER         7839 02-APR-81       2975                    20         30 SALES          CHICAGO                                                                                                                                                                                                                                                                                         
      7654 MARTIN     SALESMAN        7698 28-SEP-81       1250       1400         30         30 SALES          CHICAGO                                                                                                                                                                                                                                                                                         
      7698 BLAKE      MANAGER         7839 01-MAY-81       2850                    30         30 SALES          CHICAGO                                                                                                                                                                                                                                                                                         
      7782 CLARK      MANAGER         7839 09-JUN-81       2450                    10         30 SALES          CHICAGO                                                                                                                                                                                                                                                                                         
      7788 SCOTT      ANALYST         7566 19-APR-87       3000                    20         30 SALES          CHICAGO                                                                                                                                                                                                                                                                                         
      7839 KING       PRESIDENT            17-NOV-81       5000                    10         30 SALES          CHICAGO                                                                                                                                                                                                                                                                                         
      7844 TURNER     SALESMAN        7698 08-SEP-81       1500          0         30         30 SALES          CHICAGO                                                                                                                                                                                                                                                                                         
      7876 ADAMS      CLERK           7788 23-MAY-87       1100                    20         30 SALES          CHICAGO                                                                                                                                                                                                                                                                                         
      7900 JAMES      CLERK           7698 03-DEC-81        950                    30         30 SALES          CHICAGO                                                                                                                                                                                                                                                                                         
      7902 FORD       ANALYST         7566 03-DEC-81       3000                    20         30 SALES          CHICAGO                                                                                                                                                                                                                                                                                         
      7934 MILLER     CLERK           7782 23-JAN-82       1300                    10         30 SALES          CHICAGO                                                                                                                                                                                                                                                                                         
      7369 SMITH      CLERK           7902 17-DEC-80        800                    20         40 OPERATIONS     BOSTON                                                                                                                                                                                                                                                                                          
      7499 ALLEN      SALESMAN        7698 20-FEB-81       1600        300         30         40 OPERATIONS     BOSTON                                                                                                                                                                                                                                                                                          
      7521 WARD       SALESMAN        7698 22-FEB-81       1250        500         30         40 OPERATIONS     BOSTON                                                                                                                                                                                                                                                                                          
      7566 JONES      MANAGER         7839 02-APR-81       2975                    20         40 OPERATIONS     BOSTON                                                                                                                                                                                                                                                                                          
      7654 MARTIN     SALESMAN        7698 28-SEP-81       1250       1400         30         40 OPERATIONS     BOSTON                                                                                                                                                                                                                                                                                          
      7698 BLAKE      MANAGER         7839 01-MAY-81       2850                    30         40 OPERATIONS     BOSTON                                                                                                                                                                                                                                                                                          
      7782 CLARK      MANAGER         7839 09-JUN-81       2450                    10         40 OPERATIONS     BOSTON                                                                                                                                                                                                                                                                                          
      7788 SCOTT      ANALYST         7566 19-APR-87       3000                    20         40 OPERATIONS     BOSTON                                                                                                                                                                                                                                                                                          
      7839 KING       PRESIDENT            17-NOV-81       5000                    10         40 OPERATIONS     BOSTON                                                                                                                                                                                                                                                                                          
      7844 TURNER     SALESMAN        7698 08-SEP-81       1500          0         30         40 OPERATIONS     BOSTON                                                                                                                                                                                                                                                                                          
      7876 ADAMS      CLERK           7788 23-MAY-87       1100                    20         40 OPERATIONS     BOSTON                                                                                                                                                                                                                                                                                          
      7900 JAMES      CLERK           7698 03-DEC-81        950                    30         40 OPERATIONS     BOSTON                                                                                                                                                                                                                                                                                          
      7902 FORD       ANALYST         7566 03-DEC-81       3000                    20         40 OPERATIONS     BOSTON                                                                                                                                                                                                                                                                                          
      7934 MILLER     CLERK           7782 23-JAN-82       1300                    10         40 OPERATIONS     BOSTON                                                                                                                                                                                                                                                                                          

56 rows selected.

SQL>  SELECT *
  2  FROM EMP,DEPT
  3  WHERE EMP.DEPTNO=DEPT.DEPTNO;

     EMPNO ENAME      JOB              MGR HIREDATE         SAL       COMM     DEPTNO     DEPTNO DNAME          LOC                                                                                                                                                                                                                                                                                             
---------- ---------- --------- ---------- --------- ---------- ---------- ---------- ---------- -------------- -------------                                                                                                                                                                                                                                                                                   
      7369 SMITH      CLERK           7902 17-DEC-80        800                    20         20 RESEARCH       DALLAS                                                                                                                                                                                                                                                                                          
      7499 ALLEN      SALESMAN        7698 20-FEB-81       1600        300         30         30 SALES          CHICAGO                                                                                                                                                                                                                                                                                         
      7521 WARD       SALESMAN        7698 22-FEB-81       1250        500         30         30 SALES          CHICAGO                                                                                                                                                                                                                                                                                         
      7566 JONES      MANAGER         7839 02-APR-81       2975                    20         20 RESEARCH       DALLAS                                                                                                                                                                                                                                                                                          
      7654 MARTIN     SALESMAN        7698 28-SEP-81       1250       1400         30         30 SALES          CHICAGO                                                                                                                                                                                                                                                                                         
      7698 BLAKE      MANAGER         7839 01-MAY-81       2850                    30         30 SALES          CHICAGO                                                                                                                                                                                                                                                                                         
      7782 CLARK      MANAGER         7839 09-JUN-81       2450                    10         10 ACCOUNTING     NEW YORK                                                                                                                                                                                                                                                                                        
      7788 SCOTT      ANALYST         7566 19-APR-87       3000                    20         20 RESEARCH       DALLAS                                                                                                                                                                                                                                                                                          
      7839 KING       PRESIDENT            17-NOV-81       5000                    10         10 ACCOUNTING     NEW YORK                                                                                                                                                                                                                                                                                        
      7844 TURNER     SALESMAN        7698 08-SEP-81       1500          0         30         30 SALES          CHICAGO                                                                                                                                                                                                                                                                                         
      7876 ADAMS      CLERK           7788 23-MAY-87       1100                    20         20 RESEARCH       DALLAS                                                                                                                                                                                                                                                                                          
      7900 JAMES      CLERK           7698 03-DEC-81        950                    30         30 SALES          CHICAGO                                                                                                                                                                                                                                                                                         
      7902 FORD       ANALYST         7566 03-DEC-81       3000                    20         20 RESEARCH       DALLAS                                                                                                                                                                                                                                                                                          
      7934 MILLER     CLERK           7782 23-JAN-82       1300                    10         10 ACCOUNTING     NEW YORK                                                                                                                                                                                                                                                                                        

14 rows selected.

SQL> SELECT ENAME,DNAME
  2  FROM EMP,DEPT
  3  WHERE EMP.DEPTNO=DEPT.DEPTNO;

ENAME      DNAME                                                                                                                                                                                                                                                                                                                                                                                                
---------- --------------                                                                                                                                                                                                                                                                                                                                                                                       
SMITH      RESEARCH                                                                                                                                                                                                                                                                                                                                                                                             
ALLEN      SALES                                                                                                                                                                                                                                                                                                                                                                                                
WARD       SALES                                                                                                                                                                                                                                                                                                                                                                                                
JONES      RESEARCH                                                                                                                                                                                                                                                                                                                                                                                             
MARTIN     SALES                                                                                                                                                                                                                                                                                                                                                                                                
BLAKE      SALES                                                                                                                                                                                                                                                                                                                                                                                                
CLARK      ACCOUNTING                                                                                                                                                                                                                                                                                                                                                                                           
SCOTT      RESEARCH                                                                                                                                                                                                                                                                                                                                                                                             
KING       ACCOUNTING                                                                                                                                                                                                                                                                                                                                                                                           
TURNER     SALES                                                                                                                                                                                                                                                                                                                                                                                                
ADAMS      RESEARCH                                                                                                                                                                                                                                                                                                                                                                                             
JAMES      SALES                                                                                                                                                                                                                                                                                                                                                                                                
FORD       RESEARCH                                                                                                                                                                                                                                                                                                                                                                                             
MILLER     ACCOUNTING                                                                                                                                                                                                                                                                                                                                                                                           

14 rows selected.

SQL> SELECT ENAME,LOC
  2  FROM EMP,DEPT
  3  WHERE EMP.JOB=DEPT.JOB;
WHERE EMP.JOB=DEPT.JOB
              *
ERROR at line 3:
ORA-00904: "DEPT"."JOB": invalid identifier 


SQL> ED
Wrote file afiedt.buf

  1  SELECT ENAME,LOC
  2  FROM EMP,DEPT
  3* WHERE EMP.DEPTNO=DEPT.DEPTNO AND JOB='MANAGER'
SQL> /

ENAME      LOC                                                                                                                                                                                                                                                                                                                                                                                                  
---------- -------------                                                                                                                                                                                                                                                                                                                                                                                        
JONES      DALLAS                                                                                                                                                                                                                                                                                                                                                                                               
BLAKE      CHICAGO                                                                                                                                                                                                                                                                                                                                                                                              
CLARK      NEW YORK                                                                                                                                                                                                                                                                                                                                                                                             

SQL> SELECT ENAME,SAL,DNAME
  2  FROM EMP,DEPT
  3  WHERE EMP.DEPTNO=DEPT.DEPTNO AND DEPTNO=20 AND SAL>1800;
WHERE EMP.DEPTNO=DEPT.DEPTNO AND DEPTNO=20 AND SAL>1800
                                 *
ERROR at line 3:
ORA-00918: column ambiguously defined 


SQL> ED
Wrote file afiedt.buf

  1  SELECT ENAME,SAL,DNAME
  2  FROM EMP,DEPT
  3* WHERE EMP.DEPTNO=DEPT.DEPTNO AND SAL>1800
SQL> /

ENAME             SAL DNAME                                                                                                                                                                                                                                                                                                                                                                                     
---------- ---------- --------------                                                                                                                                                                                                                                                                                                                                                                            
JONES            2975 RESEARCH                                                                                                                                                                                                                                                                                                                                                                                  
BLAKE            2850 SALES                                                                                                                                                                                                                                                                                                                                                                                     
CLARK            2450 ACCOUNTING                                                                                                                                                                                                                                                                                                                                                                                
SCOTT            3000 RESEARCH                                                                                                                                                                                                                                                                                                                                                                                  
KING             5000 ACCOUNTING                                                                                                                                                                                                                                                                                                                                                                                
FORD             3000 RESEARCH                                                                                                                                                                                                                                                                                                                                                                                  

6 rows selected.

SQL> ED
Wrote file afiedt.buf

  1  SELECT ENAME,SAL,DNAME
  2  FROM EMP,DEPT
  3  WHERE EMP.DEPTNO=DEPT.DEPTNO AND SAL>1800
  4  GROUP BY DEPTNO
  5* HAVING DEPTNO=20
SQL> /
HAVING DEPTNO=20
       *
ERROR at line 5:
ORA-00918: column ambiguously defined 


SQL> SELECT ENAME,DEPTNO,DNAME,LOC
  2  FROM EMP,DEPT
  3  WHERE EMP.DEPTNO=DEPT.DEPTNO AND SAL>2000 AND LOC='NEW YORK';
SELECT ENAME,DEPTNO,DNAME,LOC
             *
ERROR at line 1:
ORA-00918: column ambiguously defined 


SQL> ED
Wrote file afiedt.buf

  1  SELECT ENAME,EMP.DEPTNO,DNAME,DEPT.LOC
  2  FROM EMP,DEPT
  3* WHERE EMP.DEPTNO=DEPT.DEPTNO AND SAL>2000 AND LOC='NEW YORK'
SQL> /

ENAME          DEPTNO DNAME          LOC                                                                                                                                                                                                                                                                                                                                                                        
---------- ---------- -------------- -------------                                                                                                                                                                                                                                                                                                                                                              
CLARK              10 ACCOUNTING     NEW YORK                                                                                                                                                                                                                                                                                                                                                                   
KING               10 ACCOUNTING     NEW YORK                                                                                                                                                                                                                                                                                                                                                                   

SQL> SELECT ENAME,SAL,DNAME
  2  FROM EMP,DEPT
  3  WHERE EMP.DEPTNO=DEPT.DEPTNO EMP.DEPTNO=20 AND SAL>1800;
WHERE EMP.DEPTNO=DEPT.DEPTNO EMP.DEPTNO=20 AND SAL>1800
                             *
ERROR at line 3:
ORA-00933: SQL command not properly ended 


SQL> ED
Wrote file afiedt.buf

  1  SELECT ENAME,SAL,DNAME
  2  FROM EMP,DEPT
  3* WHERE EMP.DEPTNO=DEPT.DEPTNO AND EMP.DEPTNO=20 AND SAL>1800
SQL> /

ENAME             SAL DNAME                                                                                                                                                                                                                                                                                                                                                                                     
---------- ---------- --------------                                                                                                                                                                                                                                                                                                                                                                            
JONES            2975 RESEARCH                                                                                                                                                                                                                                                                                                                                                                                  
SCOTT            3000 RESEARCH                                                                                                                                                                                                                                                                                                                                                                                  
FORD             3000 RESEARCH                                                                                                                                                                                                                                                                                                                                                                                  

SQL>  --NATURAL JOIN--
SQL> SELECT *
  2  FROM EMP NATURAL JOIN DEPT;

    DEPTNO      EMPNO ENAME      JOB              MGR HIREDATE         SAL       COMM DNAME          LOC                                                                                                                                                                                                                                                                                                        
---------- ---------- ---------- --------- ---------- --------- ---------- ---------- -------------- -------------                                                                                                                                                                                                                                                                                              
        20       7369 SMITH      CLERK           7902 17-DEC-80        800            RESEARCH       DALLAS                                                                                                                                                                                                                                                                                                     
        30       7499 ALLEN      SALESMAN        7698 20-FEB-81       1600        300 SALES          CHICAGO                                                                                                                                                                                                                                                                                                    
        30       7521 WARD       SALESMAN        7698 22-FEB-81       1250        500 SALES          CHICAGO                                                                                                                                                                                                                                                                                                    
        20       7566 JONES      MANAGER         7839 02-APR-81       2975            RESEARCH       DALLAS                                                                                                                                                                                                                                                                                                     
        30       7654 MARTIN     SALESMAN        7698 28-SEP-81       1250       1400 SALES          CHICAGO                                                                                                                                                                                                                                                                                                    
        30       7698 BLAKE      MANAGER         7839 01-MAY-81       2850            SALES          CHICAGO                                                                                                                                                                                                                                                                                                    
        10       7782 CLARK      MANAGER         7839 09-JUN-81       2450            ACCOUNTING     NEW YORK                                                                                                                                                                                                                                                                                                   
        20       7788 SCOTT      ANALYST         7566 19-APR-87       3000            RESEARCH       DALLAS                                                                                                                                                                                                                                                                                                     
        10       7839 KING       PRESIDENT            17-NOV-81       5000            ACCOUNTING     NEW YORK                                                                                                                                                                                                                                                                                                   
        30       7844 TURNER     SALESMAN        7698 08-SEP-81       1500          0 SALES          CHICAGO                                                                                                                                                                                                                                                                                                    
        20       7876 ADAMS      CLERK           7788 23-MAY-87       1100            RESEARCH       DALLAS                                                                                                                                                                                                                                                                                                     
        30       7900 JAMES      CLERK           7698 03-DEC-81        950            SALES          CHICAGO                                                                                                                                                                                                                                                                                                    
        20       7902 FORD       ANALYST         7566 03-DEC-81       3000            RESEARCH       DALLAS                                                                                                                                                                                                                                                                                                     
        10       7934 MILLER     CLERK           7782 23-JAN-82       1300            ACCOUNTING     NEW YORK                                                                                                                                                                                                                                                                                                   

14 rows selected.

SQL> --OUTER JOIN--
SQL> --LEFT JOIN--
SQL> INSERT INTO(EMPNO,ENAME) VALUES(1001,MIBDA);
INSERT INTO(EMPNO,ENAME) VALUES(1001,MIBDA)
            *
ERROR at line 1:
ORA-00928: missing SELECT keyword 


SQL> ED
Wrote file afiedt.buf

  1* INSERT INTO EMP(EMPNO,ENAME) VALUES(1001,'MIBDA')
SQL> /

1 row created.

SQL> INSERT INTO EMP(EMPNO,ENAME) VALUES(1002,'MIBDI');

1 row created.

SQL> SELECT *
  2  FROM EMP,DEPT
  3  WHERE EMP.DEPTNO=DEPT.DEPTNO(+);

     EMPNO ENAME      JOB              MGR HIREDATE         SAL       COMM     DEPTNO     DEPTNO DNAME          LOC                                                                                                                                                                                                                                                                                             
---------- ---------- --------- ---------- --------- ---------- ---------- ---------- ---------- -------------- -------------                                                                                                                                                                                                                                                                                   
      7934 MILLER     CLERK           7782 23-JAN-82       1300                    10         10 ACCOUNTING     NEW YORK                                                                                                                                                                                                                                                                                        
      7839 KING       PRESIDENT            17-NOV-81       5000                    10         10 ACCOUNTING     NEW YORK                                                                                                                                                                                                                                                                                        
      7782 CLARK      MANAGER         7839 09-JUN-81       2450                    10         10 ACCOUNTING     NEW YORK                                                                                                                                                                                                                                                                                        
      7902 FORD       ANALYST         7566 03-DEC-81       3000                    20         20 RESEARCH       DALLAS                                                                                                                                                                                                                                                                                          
      7876 ADAMS      CLERK           7788 23-MAY-87       1100                    20         20 RESEARCH       DALLAS                                                                                                                                                                                                                                                                                          
      7788 SCOTT      ANALYST         7566 19-APR-87       3000                    20         20 RESEARCH       DALLAS                                                                                                                                                                                                                                                                                          
      7566 JONES      MANAGER         7839 02-APR-81       2975                    20         20 RESEARCH       DALLAS                                                                                                                                                                                                                                                                                          
      7369 SMITH      CLERK           7902 17-DEC-80        800                    20         20 RESEARCH       DALLAS                                                                                                                                                                                                                                                                                          
      7900 JAMES      CLERK           7698 03-DEC-81        950                    30         30 SALES          CHICAGO                                                                                                                                                                                                                                                                                         
      7844 TURNER     SALESMAN        7698 08-SEP-81       1500          0         30         30 SALES          CHICAGO                                                                                                                                                                                                                                                                                         
      7698 BLAKE      MANAGER         7839 01-MAY-81       2850                    30         30 SALES          CHICAGO                                                                                                                                                                                                                                                                                         
      7654 MARTIN     SALESMAN        7698 28-SEP-81       1250       1400         30         30 SALES          CHICAGO                                                                                                                                                                                                                                                                                         
      7521 WARD       SALESMAN        7698 22-FEB-81       1250        500         30         30 SALES          CHICAGO                                                                                                                                                                                                                                                                                         
      7499 ALLEN      SALESMAN        7698 20-FEB-81       1600        300         30         30 SALES          CHICAGO                                                                                                                                                                                                                                                                                         
      1002 MIBDI                                                                                                                                                                                                                                                                                                                                                                                                
      1001 MIBDA                                                                                                                                                                                                                                                                                                                                                                                                

16 rows selected.

SQL> SELECT *
  2  FROM EMP,DEPT
  3  WHERE EMP.DEPTNO(+)=DEPT.DEPTNO;

     EMPNO ENAME      JOB              MGR HIREDATE         SAL       COMM     DEPTNO     DEPTNO DNAME          LOC                                                                                                                                                                                                                                                                                             
---------- ---------- --------- ---------- --------- ---------- ---------- ---------- ---------- -------------- -------------                                                                                                                                                                                                                                                                                   
      7369 SMITH      CLERK           7902 17-DEC-80        800                    20         20 RESEARCH       DALLAS                                                                                                                                                                                                                                                                                          
      7499 ALLEN      SALESMAN        7698 20-FEB-81       1600        300         30         30 SALES          CHICAGO                                                                                                                                                                                                                                                                                         
      7521 WARD       SALESMAN        7698 22-FEB-81       1250        500         30         30 SALES          CHICAGO                                                                                                                                                                                                                                                                                         
      7566 JONES      MANAGER         7839 02-APR-81       2975                    20         20 RESEARCH       DALLAS                                                                                                                                                                                                                                                                                          
      7654 MARTIN     SALESMAN        7698 28-SEP-81       1250       1400         30         30 SALES          CHICAGO                                                                                                                                                                                                                                                                                         
      7698 BLAKE      MANAGER         7839 01-MAY-81       2850                    30         30 SALES          CHICAGO                                                                                                                                                                                                                                                                                         
      7782 CLARK      MANAGER         7839 09-JUN-81       2450                    10         10 ACCOUNTING     NEW YORK                                                                                                                                                                                                                                                                                        
      7788 SCOTT      ANALYST         7566 19-APR-87       3000                    20         20 RESEARCH       DALLAS                                                                                                                                                                                                                                                                                          
      7839 KING       PRESIDENT            17-NOV-81       5000                    10         10 ACCOUNTING     NEW YORK                                                                                                                                                                                                                                                                                        
      7844 TURNER     SALESMAN        7698 08-SEP-81       1500          0         30         30 SALES          CHICAGO                                                                                                                                                                                                                                                                                         
      7876 ADAMS      CLERK           7788 23-MAY-87       1100                    20         20 RESEARCH       DALLAS                                                                                                                                                                                                                                                                                          
      7900 JAMES      CLERK           7698 03-DEC-81        950                    30         30 SALES          CHICAGO                                                                                                                                                                                                                                                                                         
      7902 FORD       ANALYST         7566 03-DEC-81       3000                    20         20 RESEARCH       DALLAS                                                                                                                                                                                                                                                                                          
      7934 MILLER     CLERK           7782 23-JAN-82       1300                    10         10 ACCOUNTING     NEW YORK                                                                                                                                                                                                                                                                                        
                                                                                              40 OPERATIONS     BOSTON                                                                                                                                                                                                                                                                                          

15 rows selected.

SQL> SELECT *
  2  FROM EMP FULL JOIN DEPT
  3  ON EMP.DEPTNO=DEPT.DEPTNO;

     EMPNO ENAME      JOB              MGR HIREDATE         SAL       COMM     DEPTNO     DEPTNO DNAME          LOC                                                                                                                                                                                                                                                                                             
---------- ---------- --------- ---------- --------- ---------- ---------- ---------- ---------- -------------- -------------                                                                                                                                                                                                                                                                                   
      7934 MILLER     CLERK           7782 23-JAN-82       1300                    10         10 ACCOUNTING     NEW YORK                                                                                                                                                                                                                                                                                        
      7839 KING       PRESIDENT            17-NOV-81       5000                    10         10 ACCOUNTING     NEW YORK                                                                                                                                                                                                                                                                                        
      7782 CLARK      MANAGER         7839 09-JUN-81       2450                    10         10 ACCOUNTING     NEW YORK                                                                                                                                                                                                                                                                                        
      7902 FORD       ANALYST         7566 03-DEC-81       3000                    20         20 RESEARCH       DALLAS                                                                                                                                                                                                                                                                                          
      7876 ADAMS      CLERK           7788 23-MAY-87       1100                    20         20 RESEARCH       DALLAS                                                                                                                                                                                                                                                                                          
      7788 SCOTT      ANALYST         7566 19-APR-87       3000                    20         20 RESEARCH       DALLAS                                                                                                                                                                                                                                                                                          
      7566 JONES      MANAGER         7839 02-APR-81       2975                    20         20 RESEARCH       DALLAS                                                                                                                                                                                                                                                                                          
      7369 SMITH      CLERK           7902 17-DEC-80        800                    20         20 RESEARCH       DALLAS                                                                                                                                                                                                                                                                                          
      7900 JAMES      CLERK           7698 03-DEC-81        950                    30         30 SALES          CHICAGO                                                                                                                                                                                                                                                                                         
      7844 TURNER     SALESMAN        7698 08-SEP-81       1500          0         30         30 SALES          CHICAGO                                                                                                                                                                                                                                                                                         
      7698 BLAKE      MANAGER         7839 01-MAY-81       2850                    30         30 SALES          CHICAGO                                                                                                                                                                                                                                                                                         
      7654 MARTIN     SALESMAN        7698 28-SEP-81       1250       1400         30         30 SALES          CHICAGO                                                                                                                                                                                                                                                                                         
      7521 WARD       SALESMAN        7698 22-FEB-81       1250        500         30         30 SALES          CHICAGO                                                                                                                                                                                                                                                                                         
      7499 ALLEN      SALESMAN        7698 20-FEB-81       1600        300         30         30 SALES          CHICAGO                                                                                                                                                                                                                                                                                         
      1002 MIBDI                                                                                                                                                                                                                                                                                                                                                                                                
      1001 MIBDA                                                                                                                                                                                                                                                                                                                                                                                                
                                                                                              40 OPERATIONS     BOSTON                                                                                                                                                                                                                                                                                          

17 rows selected.

SQL>  SELECT E.ENAME,M.ENAME
  2  FROM EMP E,EMP M
  3  WHERE E.MGR=M.EMPNO;

ENAME      ENAME                                                                                                                                                                                                                                                                                                                                                                                                
---------- ----------                                                                                                                                                                                                                                                                                                                                                                                           
FORD       JONES                                                                                                                                                                                                                                                                                                                                                                                                
SCOTT      JONES                                                                                                                                                                                                                                                                                                                                                                                                
JAMES      BLAKE                                                                                                                                                                                                                                                                                                                                                                                                
TURNER     BLAKE                                                                                                                                                                                                                                                                                                                                                                                                
MARTIN     BLAKE                                                                                                                                                                                                                                                                                                                                                                                                
WARD       BLAKE                                                                                                                                                                                                                                                                                                                                                                                                
ALLEN      BLAKE                                                                                                                                                                                                                                                                                                                                                                                                
MILLER     CLARK                                                                                                                                                                                                                                                                                                                                                                                                
ADAMS      SCOTT                                                                                                                                                                                                                                                                                                                                                                                                
CLARK      KING                                                                                                                                                                                                                                                                                                                                                                                                 
BLAKE      KING                                                                                                                                                                                                                                                                                                                                                                                                 
JONES      KING                                                                                                                                                                                                                                                                                                                                                                                                 
SMITH      FORD                                                                                                                                                                                                                                                                                                                                                                                                 

13 rows selected.

SQL> SELECT E.ENAME,M.ENAME,E.SAL,M.SAL
  2  FROM EMP E,EMP M
  3  WHERE E.MGR=M.EMPNO;

ENAME      ENAME             SAL        SAL                                                                                                                                                                                                                                                                                                                                                                     
---------- ---------- ---------- ----------                                                                                                                                                                                                                                                                                                                                                                     
FORD       JONES            3000       2975                                                                                                                                                                                                                                                                                                                                                                     
SCOTT      JONES            3000       2975                                                                                                                                                                                                                                                                                                                                                                     
JAMES      BLAKE             950       2850                                                                                                                                                                                                                                                                                                                                                                     
TURNER     BLAKE            1500       2850                                                                                                                                                                                                                                                                                                                                                                     
MARTIN     BLAKE            1250       2850                                                                                                                                                                                                                                                                                                                                                                     
WARD       BLAKE            1250       2850                                                                                                                                                                                                                                                                                                                                                                     
ALLEN      BLAKE            1600       2850                                                                                                                                                                                                                                                                                                                                                                     
MILLER     CLARK            1300       2450                                                                                                                                                                                                                                                                                                                                                                     
ADAMS      SCOTT            1100       3000                                                                                                                                                                                                                                                                                                                                                                     
CLARK      KING             2450       5000                                                                                                                                                                                                                                                                                                                                                                     
BLAKE      KING             2850       5000                                                                                                                                                                                                                                                                                                                                                                     
JONES      KING             2975       5000                                                                                                                                                                                                                                                                                                                                                                     
SMITH      FORD              800       3000                                                                                                                                                                                                                                                                                                                                                                     

13 rows selected.

SQL> ED
Wrote file afiedt.buf

  1  SELECT E.ENAME,M.ENAME,E.SAL,M.SAL
  2  FROM EMP E,EMP M
  3* WHERE E.MGR=M.EMPNO AND E.ENAME='SCOTT'
SQL> /

ENAME      ENAME             SAL        SAL                                                                                                                                                                                                                                                                                                                                                                     
---------- ---------- ---------- ----------                                                                                                                                                                                                                                                                                                                                                                     
SCOTT      JONES            3000       2975                                                                                                                                                                                                                                                                                                                                                                     

SQL> linesize 400
SELECT ENAME
  2  FROM EMP S,EMP SM,EMP SMM
  3  WHERE S.MGR=SM.EMPNO AND SM.MGR=SMM.EMPNO AND S.ENAME='SMITH';
SELECT ENAME
       *
ERROR at line 1:
ORA-00918: column ambiguously defined 


SQL> ED
Wrote file afiedt.buf

  1  SELECT SMM.ENAME
  2  FROM EMP S,EMP SM,EMP SMM
  3* WHERE S.MGR=SM.EMPNO AND SM.MGR=SMM.EMPNO AND S.ENAME='SMITH'
SQL> /

ENAME                                                                                                                                                                                                                                                                                                                                                                                                           
----------                                                                                                                                                                                                                                                                                                                                                                                                      
JONES                                                                                                                                                                                                                                                                                                                                                                                                           

SQL> SELECT A.ENAME,AM.ENAME,D1.DEPTNO,D2.DEPTNO
  2  FROM EMP A,EMP AM,DEPT D1,DEPT D2
  3  WHERE A.DEPTNO=D1.DEPTNO AND AM.DEPTNO=D2.DEPTNO AND A.MGR=AM.EMPNO AND ENAME='ALLEN';
WHERE A.DEPTNO=D1.DEPTNO AND AM.DEPTNO=D2.DEPTNO AND A.MGR=AM.EMPNO AND ENAME='ALLEN'
                                                                        *
ERROR at line 3:
ORA-00918: column ambiguously defined 


SQL> ED
Wrote file afiedt.buf

  1  SELECT A.ENAME,AM.ENAME,D1.DEPTNO,D2.DEPTNO
  2  FROM EMP A,EMP AM,DEPT D1,DEPT D2
  3* WHERE A.DEPTNO=D1.DEPTNO AND AM.DEPTNO=D2.DEPTNO AND A.MGR=AM.EMPNO AND A.ENAME='ALLEN'
SQL> /

ENAME      ENAME          DEPTNO     DEPTNO                                                                                                                                                                                                                                                                                                                                                                     
---------- ---------- ---------- ----------                                                                                                                                                                                                                                                                                                                                                                     
ALLEN      BLAKE              30         30                                                                                                                                                                                                                                                                                                                                                                     

SQL> ED
Wrote file afiedt.buf

  1  SELECT A.ENAME,AM.ENAME,D1.DEPTNO,D2.DEPTNO,D1.DNAME
  2  FROM EMP A,EMP AM,DEPT D1,DEPT D2
  3* WHERE A.DEPTNO=D1.DEPTNO AND AM.DEPTNO=D2.DEPTNO AND A.MGR=AM.EMPNO AND A.ENAME='ALLEN'
SQL> /

ENAME      ENAME          DEPTNO     DEPTNO DNAME                                                                                                                                                                                                                                                                                                                                                               
---------- ---------- ---------- ---------- --------------                                                                                                                                                                                                                                                                                                                                                      
ALLEN      BLAKE              30         30 SALES                                                                                                                                                                                                                                                                                                                                                               

SQL> SPOOL OFF
