SQL> SELECT LENGTH(ENAME)
  2  FROM EMP;

LENGTH(ENAME)                                                                   
-------------                                                                   
            5                                                                   
            5                                                                   
            4                                                                   
            5                                                                   
            6                                                                   
            5                                                                   
            5                                                                   
            5                                                                   
            4                                                                   
            6                                                                   
            5                                                                   

LENGTH(ENAME)                                                                   
-------------                                                                   
            5                                                                   
            4                                                                   
            6                                                                   

14 rows selected.

SQL> SET PAGES 200 LINES 200
SQL> ED
Wrote file afiedt.buf

  1  SELECT LENGTH(ENAME),ENAME
  2* FROM EMP
SQL> /

LENGTH(ENAME) ENAME                                                                                                                                                                                     
------------- ----------                                                                                                                                                                                
            5 SMITH                                                                                                                                                                                     
            5 ALLEN                                                                                                                                                                                     
            4 WARD                                                                                                                                                                                      
            5 JONES                                                                                                                                                                                     
            6 MARTIN                                                                                                                                                                                    
            5 BLAKE                                                                                                                                                                                     
            5 CLARK                                                                                                                                                                                     
            5 SCOTT                                                                                                                                                                                     
            4 KING                                                                                                                                                                                      
            6 TURNER                                                                                                                                                                                    
            5 ADAMS                                                                                                                                                                                     
            5 JAMES                                                                                                                                                                                     
            4 FORD                                                                                                                                                                                      
            6 MILLER                                                                                                                                                                                    

14 rows selected.

SQL> SELECT ENAME,SAL,LENGTH(SAL(4))
  2  FROM EMP;
SELECT ENAME,SAL,LENGTH(SAL(4))
                        *
ERROR at line 1:
ORA-00904: "SAL": invalid identifier 


SQL> ED
Wrote file afiedt.buf

  1  SELECT ENAME,SAL
  2  FROM EMP
  3* WHERE LENGTH(SAL)=4
SQL> /

ENAME             SAL                                                                                                                                                                                   
---------- ----------                                                                                                                                                                                   
ALLEN            1600                                                                                                                                                                                   
WARD             1250                                                                                                                                                                                   
JONES            2975                                                                                                                                                                                   
MARTIN           1250                                                                                                                                                                                   
BLAKE            4000                                                                                                                                                                                   
CLARK            2450                                                                                                                                                                                   
SCOTT            3000                                                                                                                                                                                   
KING             5000                                                                                                                                                                                   
TURNER           1500                                                                                                                                                                                   
ADAMS            1100                                                                                                                                                                                   
FORD             3000                                                                                                                                                                                   
MILLER           1300                                                                                                                                                                                   

12 rows selected.

SQL> SELECT ENAME
  2  FROM EMP
  3  WHERE CANCAT('MR','ENAME');
WHERE CANCAT('MR','ENAME')
                         *
ERROR at line 3:
ORA-00920: invalid relational operator 


SQL> ED
Wrote file afiedt.buf

  1  SELECT ENAME
  2  FROM EMP
  3* WHERE CONCAT('MR','ENAME')
SQL> /
WHERE CONCAT('MR','ENAME')
                         *
ERROR at line 3:
ORA-00920: invalid relational operator 


SQL> ED
Wrote file afiedt.buf

  1  SELECT ENAME
  2  FROM EMP
  3* CONCAT('MR','ENAME')
SQL> /
CONCAT('MR','ENAME')
      *
ERROR at line 3:
ORA-00933: SQL command not properly ended 


SQL> ED
Wrote file afiedt.buf

  1  SELECT CONCAT('MR','ENAME')
  2* FROM EMP
SQL> /

CONCAT(                                                                                                                                                                                                 
-------                                                                                                                                                                                                 
MRENAME                                                                                                                                                                                                 
MRENAME                                                                                                                                                                                                 
MRENAME                                                                                                                                                                                                 
MRENAME                                                                                                                                                                                                 
MRENAME                                                                                                                                                                                                 
MRENAME                                                                                                                                                                                                 
MRENAME                                                                                                                                                                                                 
MRENAME                                                                                                                                                                                                 
MRENAME                                                                                                                                                                                                 
MRENAME                                                                                                                                                                                                 
MRENAME                                                                                                                                                                                                 
MRENAME                                                                                                                                                                                                 
MRENAME                                                                                                                                                                                                 
MRENAME                                                                                                                                                                                                 

14 rows selected.

SQL> ED
Wrote file afiedt.buf

  1  SELECT CONCAT('MR ',ENAME)
  2* FROM EMP
SQL> /

CONCAT('MR',E                                                                                                                                                                                           
-------------                                                                                                                                                                                           
MR SMITH                                                                                                                                                                                                
MR ALLEN                                                                                                                                                                                                
MR WARD                                                                                                                                                                                                 
MR JONES                                                                                                                                                                                                
MR MARTIN                                                                                                                                                                                               
MR BLAKE                                                                                                                                                                                                
MR CLARK                                                                                                                                                                                                
MR SCOTT                                                                                                                                                                                                
MR KING                                                                                                                                                                                                 
MR TURNER                                                                                                                                                                                               
MR ADAMS                                                                                                                                                                                                
MR JAMES                                                                                                                                                                                                
MR FORD                                                                                                                                                                                                 
MR MILLER                                                                                                                                                                                               

14 rows selected.

SQL> SELECT LOWER(ENAME)
  2  FROM EMP;

LOWER(ENAM                                                                                                                                                                                              
----------                                                                                                                                                                                              
smith                                                                                                                                                                                                   
allen                                                                                                                                                                                                   
ward                                                                                                                                                                                                    
jones                                                                                                                                                                                                   
martin                                                                                                                                                                                                  
blake                                                                                                                                                                                                   
clark                                                                                                                                                                                                   
scott                                                                                                                                                                                                   
king                                                                                                                                                                                                    
turner                                                                                                                                                                                                  
adams                                                                                                                                                                                                   
james                                                                                                                                                                                                   
ford                                                                                                                                                                                                    
miller                                                                                                                                                                                                  

14 rows selected.

SQL> SELECT UPPER(ENAME)
  2  FROM EMP;

UPPER(ENAM                                                                                                                                                                                              
----------                                                                                                                                                                                              
SMITH                                                                                                                                                                                                   
ALLEN                                                                                                                                                                                                   
WARD                                                                                                                                                                                                    
JONES                                                                                                                                                                                                   
MARTIN                                                                                                                                                                                                  
BLAKE                                                                                                                                                                                                   
CLARK                                                                                                                                                                                                   
SCOTT                                                                                                                                                                                                   
KING                                                                                                                                                                                                    
TURNER                                                                                                                                                                                                  
ADAMS                                                                                                                                                                                                   
JAMES                                                                                                                                                                                                   
FORD                                                                                                                                                                                                    
MILLER                                                                                                                                                                                                  

14 rows selected.

SQL> SELECT INITCAP(ENAME)
  2  FROM EMP;

INITCAP(EN                                                                                                                                                                                              
----------                                                                                                                                                                                              
Smith                                                                                                                                                                                                   
Allen                                                                                                                                                                                                   
Ward                                                                                                                                                                                                    
Jones                                                                                                                                                                                                   
Martin                                                                                                                                                                                                  
Blake                                                                                                                                                                                                   
Clark                                                                                                                                                                                                   
Scott                                                                                                                                                                                                   
King                                                                                                                                                                                                    
Turner                                                                                                                                                                                                  
Adams                                                                                                                                                                                                   
James                                                                                                                                                                                                   
Ford                                                                                                                                                                                                    
Miller                                                                                                                                                                                                  

14 rows selected.

SQL> SELECT REVERSE(ENAME)
  2  FROM EMP;

REVERSE(EN                                                                                                                                                                                              
----------                                                                                                                                                                                              
HTIMS                                                                                                                                                                                                   
NELLA                                                                                                                                                                                                   
DRAW                                                                                                                                                                                                    
SENOJ                                                                                                                                                                                                   
NITRAM                                                                                                                                                                                                  
EKALB                                                                                                                                                                                                   
KRALC                                                                                                                                                                                                   
TTOCS                                                                                                                                                                                                   
GNIK                                                                                                                                                                                                    
RENRUT                                                                                                                                                                                                  
SMADA                                                                                                                                                                                                   
SEMAJ                                                                                                                                                                                                   
DROF                                                                                                                                                                                                    
RELLIM                                                                                                                                                                                                  

14 rows selected.

SQL> SELECT SUBSTR('QSPIDER'2[7])
  2  ;
SELECT SUBSTR('QSPIDER'2[7])
                       *
ERROR at line 1:
ORA-00907: missing right parenthesis 


SQL> ED
Wrote file afiedt.buf

  1  SELECT SUBSTR('QSPIDER'2[7])
  2* FROM EMP
  3  /
SELECT SUBSTR('QSPIDER'2[7])
                       *
ERROR at line 1:
ORA-00907: missing right parenthesis 


SQL> ED
Wrote file afiedt.buf

  1  SELECT SUBSTR('QSPIDER'2,7)
  2* FROM EMP
SQL> /
SELECT SUBSTR('QSPIDER'2,7)
                       *
ERROR at line 1:
ORA-00907: missing right parenthesis 


SQL> ED
Wrote file afiedt.buf

  1  SELECT SUBSTR('QSPIDER',2,7)
  2* FROM EMP
SQL> /

SUBSTR                                                                                                                                                                                                  
------                                                                                                                                                                                                  
SPIDER                                                                                                                                                                                                  
SPIDER                                                                                                                                                                                                  
SPIDER                                                                                                                                                                                                  
SPIDER                                                                                                                                                                                                  
SPIDER                                                                                                                                                                                                  
SPIDER                                                                                                                                                                                                  
SPIDER                                                                                                                                                                                                  
SPIDER                                                                                                                                                                                                  
SPIDER                                                                                                                                                                                                  
SPIDER                                                                                                                                                                                                  
SPIDER                                                                                                                                                                                                  
SPIDER                                                                                                                                                                                                  
SPIDER                                                                                                                                                                                                  
SPIDER                                                                                                                                                                                                  

14 rows selected.

SQL> 
SQL>  SELECT SUBSTR('QSPIDER',2,7
  2  )
  3  FROM DUAL;

SUBSTR                                                                                                                                                                                                  
------                                                                                                                                                                                                  
SPIDER                                                                                                                                                                                                  

SQL> SELECT SUBSTR(ENAME,1,3)
  2  FROM EMP;

SUB                                                                                                                                                                                                     
---                                                                                                                                                                                                     
SMI                                                                                                                                                                                                     
ALL                                                                                                                                                                                                     
WAR                                                                                                                                                                                                     
JON                                                                                                                                                                                                     
MAR                                                                                                                                                                                                     
BLA                                                                                                                                                                                                     
CLA                                                                                                                                                                                                     
SCO                                                                                                                                                                                                     
KIN                                                                                                                                                                                                     
TUR                                                                                                                                                                                                     
ADA                                                                                                                                                                                                     
JAM                                                                                                                                                                                                     
FOR                                                                                                                                                                                                     
MIL                                                                                                                                                                                                     

14 rows selected.

SQL> SELECT SUBSTR(ENAME,-3,3)
  2  FROM EMP;

SUB                                                                                                                                                                                                     
---                                                                                                                                                                                                     
ITH                                                                                                                                                                                                     
LEN                                                                                                                                                                                                     
ARD                                                                                                                                                                                                     
NES                                                                                                                                                                                                     
TIN                                                                                                                                                                                                     
AKE                                                                                                                                                                                                     
ARK                                                                                                                                                                                                     
OTT                                                                                                                                                                                                     
ING                                                                                                                                                                                                     
NER                                                                                                                                                                                                     
AMS                                                                                                                                                                                                     
MES                                                                                                                                                                                                     
ORD                                                                                                                                                                                                     
LER                                                                                                                                                                                                     

14 rows selected.

SQL> SELECT REPLACE('QSPIDER','Q','J')
  2  FROM EMP;

REPLACE                                                                                                                                                                                                 
-------                                                                                                                                                                                                 
JSPIDER                                                                                                                                                                                                 
JSPIDER                                                                                                                                                                                                 
JSPIDER                                                                                                                                                                                                 
JSPIDER                                                                                                                                                                                                 
JSPIDER                                                                                                                                                                                                 
JSPIDER                                                                                                                                                                                                 
JSPIDER                                                                                                                                                                                                 
JSPIDER                                                                                                                                                                                                 
JSPIDER                                                                                                                                                                                                 
JSPIDER                                                                                                                                                                                                 
JSPIDER                                                                                                                                                                                                 
JSPIDER                                                                                                                                                                                                 
JSPIDER                                                                                                                                                                                                 
JSPIDER                                                                                                                                                                                                 

14 rows selected.

SQL> SELECT LENGTH('A')
  2  FROM BANANA;
FROM BANANA
     *
ERROR at line 2:
ORA-00942: table or view does not exist 


SQL> ED
Wrote file afiedt.buf

  1  SELECT LENGTH('BANANA','A')
  2* FROM EMP
SQL> /
SELECT LENGTH('BANANA','A')
       *
ERROR at line 1:
ORA-00909: invalid number of arguments 


SQL> ED
Wrote file afiedt.buf

  1  SELECT LENGTH('BANANA')
  2* FROM EMP
SQL> /

LENGTH('BANANA')                                                                                                                                                                                        
----------------                                                                                                                                                                                        
               6                                                                                                                                                                                        
               6                                                                                                                                                                                        
               6                                                                                                                                                                                        
               6                                                                                                                                                                                        
               6                                                                                                                                                                                        
               6                                                                                                                                                                                        
               6                                                                                                                                                                                        
               6                                                                                                                                                                                        
               6                                                                                                                                                                                        
               6                                                                                                                                                                                        
               6                                                                                                                                                                                        
               6                                                                                                                                                                                        
               6                                                                                                                                                                                        
               6                                                                                                                                                                                        

14 rows selected.

SQL> SELECT LENGTH(COUNT('A'),'BANANA')
  2  FROM DUAL;
SELECT LENGTH(COUNT('A'),'BANANA')
       *
ERROR at line 1:
ORA-00909: invalid number of arguments 


SQL> ED
Wrote file afiedt.buf

  1  SELECT LENGTH('A','BANANA')
  2* FROM DUAL
SQL> /
SELECT LENGTH('A','BANANA')
       *
ERROR at line 1:
ORA-00909: invalid number of arguments 


SQL> ED
Wrote file afiedt.buf

  1  SELECT COUNT(LENGTH('BANANA','A')
  2* FROM DUAL
SQL> /
SELECT COUNT(LENGTH('BANANA','A')
             *
ERROR at line 1:
ORA-00909: invalid number of arguments 


SQL> SELECT LENGTH('BANANA')-LENGTH(REPLACE('BANANA','A')
  2  FROM DUAL;
FROM DUAL
*
ERROR at line 2:
ORA-00907: missing right parenthesis 


SQL> ED
Wrote file afiedt.buf

  1  SELECT LENGTH('BANANA')-LENGTH(REPLACE('BANANA','A'))
  2* FROM DUAL
SQL> /

LENGTH('BANANA')-LENGTH(REPLACE('BANANA','A'))                                                                                                                                                          
----------------------------------------------                                                                                                                                                          
                                             3                                                                                                                                                          

SQL> SELECT MOD(SAL,2)
  2  FROM EMP;

MOD(SAL,2)                                                                                                                                                                                              
----------                                                                                                                                                                                              
         0                                                                                                                                                                                              
         0                                                                                                                                                                                              
         0                                                                                                                                                                                              
         1                                                                                                                                                                                              
         0                                                                                                                                                                                              
         0                                                                                                                                                                                              
         0                                                                                                                                                                                              
         0                                                                                                                                                                                              
         0                                                                                                                                                                                              
         0                                                                                                                                                                                              
         0                                                                                                                                                                                              
         0                                                                                                                                                                                              
         0                                                                                                                                                                                              
         0                                                                                                                                                                                              

14 rows selected.

SQL> ED
Wrote file afiedt.buf

  1  SELECT MOD(SAL,2),SAL
  2* FROM EMP
SQL> /

MOD(SAL,2)        SAL                                                                                                                                                                                   
---------- ----------                                                                                                                                                                                   
         0        800                                                                                                                                                                                   
         0       1600                                                                                                                                                                                   
         0       1250                                                                                                                                                                                   
         1       2975                                                                                                                                                                                   
         0       1250                                                                                                                                                                                   
         0       4000                                                                                                                                                                                   
         0       2450                                                                                                                                                                                   
         0       3000                                                                                                                                                                                   
         0       5000                                                                                                                                                                                   
         0       1500                                                                                                                                                                                   
         0       1100                                                                                                                                                                                   
         0        950                                                                                                                                                                                   
         0       3000                                                                                                                                                                                   
         0       1300                                                                                                                                                                                   

14 rows selected.

SQL> ED
Wrote file afiedt.buf

  1  SELECT SAL
  2  FROM EMP
  3* WHERE MOD(SAL,2)=0
SQL> /

       SAL                                                                                                                                                                                              
----------                                                                                                                                                                                              
       800                                                                                                                                                                                              
      1600                                                                                                                                                                                              
      1250                                                                                                                                                                                              
      1250                                                                                                                                                                                              
      4000                                                                                                                                                                                              
      2450                                                                                                                                                                                              
      3000                                                                                                                                                                                              
      5000                                                                                                                                                                                              
      1500                                                                                                                                                                                              
      1100                                                                                                                                                                                              
       950                                                                                                                                                                                              
      3000                                                                                                                                                                                              
      1300                                                                                                                                                                                              

13 rows selected.

SQL> SELECT MONTHS_BETWEEN('HIREDATE','SYSDATE')
  2  FROM EMP;
SELECT MONTHS_BETWEEN('HIREDATE','SYSDATE')
                      *
ERROR at line 1:
ORA-01858: a non-numeric character was found where a numeric was expected 


SQL> ED
Wrote file afiedt.buf

  1  SELECT MONTHS_BETWEEN(HIREDATE,SYSDATE)
  2* FROM EMP
SQL> /

MONTHS_BETWEEN(HIREDATE,SYSDATE)                                                                                                                                                                        
--------------------------------                                                                                                                                                                        
                      -528.18383                                                                                                                                                                        
